20:31:14 **** Incremental Build of configuration Debug for project test2 ****
make all 
make: Nothing to be done for 'all'.
20:31:23 **** Incremental Build of configuration Debug for project test2 ****
make all 
make: Nothing to be done for 'all'.
20:33:53 **** Auto Build of configuration Debug for project test2 ****
make all 
'Building file: ../src/helloworld.c'
'Invoking: MicroBlaze gcc compiler'
mb-gcc -Wall -O0 -g3 -c -fmessage-length=0 -MT"src/helloworld.o" -I../../test2_bsp/microblaze_0/include -mlittle-endian -mcpu=v11.0 -mxl-soft-mul -Wl,--no-relax -ffunction-sections -fdata-sections -MMD -MP -MF"src/helloworld.d" -MT"src/helloworld.o" -o "src/helloworld.o" "../src/helloworld.c"
../src/helloworld.c: In function 'main':
../src/helloworld.c:129:12: warning: pointer targets in passing argument 1 of 'print' differ in signedness [-Wpointer-sign]
      print(character);
            ^~~~~~~~~
In file included from ../src/helloworld.c:48:
c:\xilinx\sdk\2019.1\gnu\microblaze\nt\microblaze-xilinx-elf\include\stdio.h:250:6: note: expected 'const char *' but argument is of type 'uint8_t *' {aka 'unsigned char *'}
 void print (const char* );
      ^~~~~
../src/helloworld.c:121:10: warning: unused variable 'newitem' [-Wunused-variable]
     byte newitem;
          ^~~~~~~
../src/helloworld.c: At top level:
../src/helloworld.c:144:1: error: expected identifier or '(' at end of input
 void
 ^~~~
make: *** [src/subdir.mk:26: src/helloworld.o] Error 1
20:34:23 **** Auto Build of configuration Debug for project test2 ****
make all 
'Building file: ../src/helloworld.c'
'Invoking: MicroBlaze gcc compiler'
mb-gcc -Wall -O0 -g3 -c -fmessage-length=0 -MT"src/helloworld.o" -I../../test2_bsp/microblaze_0/include -mlittle-endian -mcpu=v11.0 -mxl-soft-mul -Wl,--no-relax -ffunction-sections -fdata-sections -MMD -MP -MF"src/helloworld.d" -MT"src/helloworld.o" -o "src/helloworld.o" "../src/helloworld.c"
../src/helloworld.c: In function 'main':
../src/helloworld.c:129:12: warning: pointer targets in passing argument 1 of 'print' differ in signedness [-Wpointer-sign]
      print(character);
            ^~~~~~~~~
In file included from ../src/helloworld.c:48:
c:\xilinx\sdk\2019.1\gnu\microblaze\nt\microblaze-xilinx-elf\include\stdio.h:250:6: note: expected 'const char *' but argument is of type 'uint8_t *' {aka 'unsigned char *'}
 void print (const char* );
      ^~~~~
../src/helloworld.c:121:10: warning: unused variable 'newitem' [-Wunused-variable]
     byte newitem;
          ^~~~~~~
../src/helloworld.c: At top level:
../src/helloworld.c:144:1: error: expected identifier or '(' at end of input
 void
 ^~~~
make: *** [src/subdir.mk:26: src/helloworld.o] Error 1
20:34:51 **** Auto Build of configuration Debug for project test2 ****
make all 
'Building file: ../src/helloworld.c'
'Invoking: MicroBlaze gcc compiler'
mb-gcc -Wall -O0 -g3 -c -fmessage-length=0 -MT"src/helloworld.o" -I../../test2_bsp/microblaze_0/include -mlittle-endian -mcpu=v11.0 -mxl-soft-mul -Wl,--no-relax -ffunction-sections -fdata-sections -MMD -MP -MF"src/helloworld.d" -MT"src/helloworld.o" -o "src/helloworld.o" "../src/helloworld.c"
../src/helloworld.c: In function 'main':
../src/helloworld.c:130:12: warning: pointer targets in passing argument 1 of 'print' differ in signedness [-Wpointer-sign]
      print(character);
            ^~~~~~~~~
In file included from ../src/helloworld.c:48:
c:\xilinx\sdk\2019.1\gnu\microblaze\nt\microblaze-xilinx-elf\include\stdio.h:250:6: note: expected 'const char *' but argument is of type 'uint8_t *' {aka 'unsigned char *'}
 void print (const char* );
      ^~~~~
../src/helloworld.c:122:10: warning: unused variable 'newitem' [-Wunused-variable]
     byte newitem;
          ^~~~~~~
../src/helloworld.c: At top level:
../src/helloworld.c:145:1: error: expected identifier or '(' at end of input
 void
 ^~~~
make: *** [src/subdir.mk:26: src/helloworld.o] Error 1
20:35:13 **** Auto Build of configuration Debug for project test2 ****
make all 
'Building file: ../src/helloworld.c'
'Invoking: MicroBlaze gcc compiler'
mb-gcc -Wall -O0 -g3 -c -fmessage-length=0 -MT"src/helloworld.o" -I../../test2_bsp/microblaze_0/include -mlittle-endian -mcpu=v11.0 -mxl-soft-mul -Wl,--no-relax -ffunction-sections -fdata-sections -MMD -MP -MF"src/helloworld.d" -MT"src/helloworld.o" -o "src/helloworld.o" "../src/helloworld.c"
../src/helloworld.c: In function 'main':
../src/helloworld.c:130:12: warning: pointer targets in passing argument 1 of 'print' differ in signedness [-Wpointer-sign]
      print(character);
            ^~~~~~~~~
In file included from ../src/helloworld.c:48:
c:\xilinx\sdk\2019.1\gnu\microblaze\nt\microblaze-xilinx-elf\include\stdio.h:250:6: note: expected 'const char *' but argument is of type 'uint8_t *' {aka 'unsigned char *'}
 void print (const char* );
      ^~~~~
../src/helloworld.c:122:10: warning: unused variable 'newitem' [-Wunused-variable]
     byte newitem;
          ^~~~~~~
'Finished building: ../src/helloworld.c'
' '
'Building target: test2.elf'
'Invoking: MicroBlaze gcc linker'
mb-gcc -Wl,-T -Wl,../src/lscript.ld -L../../test2_bsp/microblaze_0/lib -mlittle-endian -mcpu=v11.0 -mxl-soft-mul -Wl,--no-relax -Wl,--gc-sections -o "test2.elf"  ./src/helloworld.o ./src/platform.o   -Wl,--start-group,-lxil,-lgcc,-lc,--end-group
'Finished building target: test2.elf'
' '
'Invoking: MicroBlaze Print Size'
mb-size test2.elf  |tee "test2.elf.size"
   text	   data	    bss	    dec	    hex	filename
   3440	    320	   3104	   6864	   1ad0	test2.elf
'Finished building: test2.elf.size'
' '
20:36:30 **** Auto Build of configuration Debug for project test2 ****
make all 
'Building file: ../src/helloworld.c'
'Invoking: MicroBlaze gcc compiler'
mb-gcc -Wall -O0 -g3 -c -fmessage-length=0 -MT"src/helloworld.o" -I../../test2_bsp/microblaze_0/include -mlittle-endian -mcpu=v11.0 -mxl-soft-mul -Wl,--no-relax -ffunction-sections -fdata-sections -MMD -MP -MF"src/helloworld.d" -MT"src/helloworld.o" -o "src/helloworld.o" "../src/helloworld.c"
../src/helloworld.c:107:29: error: expected ';' before 'byte'
 uint64_t ENCRYPTION_START_OP
                             ^
                             ;
../src/helloworld.c:109:1:
 byte initial_input[64];
 ~~~~                         
../src/helloworld.c: In function 'main':
../src/helloworld.c:127:12: warning: pointer targets in passing argument 1 of 'print' differ in signedness [-Wpointer-sign]
      print(character);
            ^~~~~~~~~
In file included from ../src/helloworld.c:48:
c:\xilinx\sdk\2019.1\gnu\microblaze\nt\microblaze-xilinx-elf\include\stdio.h:250:6: note: expected 'const char *' but argument is of type 'uint8_t *' {aka 'unsigned char *'}
 void print (const char* );
      ^~~~~
../src/helloworld.c:119:10: warning: unused variable 'newitem' [-Wunused-variable]
     byte newitem;
          ^~~~~~~
make: *** [src/subdir.mk:26: src/helloworld.o] Error 1
20:36:32 **** Auto Build of configuration Debug for project test2 ****
make all 
'Building file: ../src/helloworld.c'
'Invoking: MicroBlaze gcc compiler'
mb-gcc -Wall -O0 -g3 -c -fmessage-length=0 -MT"src/helloworld.o" -I../../test2_bsp/microblaze_0/include -mlittle-endian -mcpu=v11.0 -mxl-soft-mul -Wl,--no-relax -ffunction-sections -fdata-sections -MMD -MP -MF"src/helloworld.d" -MT"src/helloworld.o" -o "src/helloworld.o" "../src/helloworld.c"
../src/helloworld.c: In function 'main':
../src/helloworld.c:127:12: warning: pointer targets in passing argument 1 of 'print' differ in signedness [-Wpointer-sign]
      print(character);
            ^~~~~~~~~
In file included from ../src/helloworld.c:48:
c:\xilinx\sdk\2019.1\gnu\microblaze\nt\microblaze-xilinx-elf\include\stdio.h:250:6: note: expected 'const char *' but argument is of type 'uint8_t *' {aka 'unsigned char *'}
 void print (const char* );
      ^~~~~
../src/helloworld.c:119:10: warning: unused variable 'newitem' [-Wunused-variable]
     byte newitem;
          ^~~~~~~
'Finished building: ../src/helloworld.c'
' '
'Building target: test2.elf'
'Invoking: MicroBlaze gcc linker'
mb-gcc -Wl,-T -Wl,../src/lscript.ld -L../../test2_bsp/microblaze_0/lib -mlittle-endian -mcpu=v11.0 -mxl-soft-mul -Wl,--no-relax -Wl,--gc-sections -o "test2.elf"  ./src/helloworld.o ./src/platform.o   -Wl,--start-group,-lxil,-lgcc,-lc,--end-group
'Finished building target: test2.elf'
' '
'Invoking: MicroBlaze Print Size'
mb-size test2.elf  |tee "test2.elf.size"
   text	   data	    bss	    dec	    hex	filename
   3440	    320	   3104	   6864	   1ad0	test2.elf
'Finished building: test2.elf.size'
' '
20:36:43 **** Auto Build of configuration Debug for project test2 ****
make all 
'Building file: ../src/helloworld.c'
'Invoking: MicroBlaze gcc compiler'
mb-gcc -Wall -O0 -g3 -c -fmessage-length=0 -MT"src/helloworld.o" -I../../test2_bsp/microblaze_0/include -mlittle-endian -mcpu=v11.0 -mxl-soft-mul -Wl,--no-relax -ffunction-sections -fdata-sections -MMD -MP -MF"src/helloworld.d" -MT"src/helloworld.o" -o "src/helloworld.o" "../src/helloworld.c"
../src/helloworld.c:109:1: error: unknown type name 'uint128_t'; did you mean 'uint32_t'?
 uint128_t ENCRYPTION_START_OP;
 ^~~~~~~~~
 uint32_t
../src/helloworld.c:109:11: error: conflicting types for 'ENCRYPTION_START_OP'
 uint128_t ENCRYPTION_START_OP;
           ^~~~~~~~~~~~~~~~~~~
../src/helloworld.c:107:10: note: previous declaration of 'ENCRYPTION_START_OP' was here
 uint64_t ENCRYPTION_START_OP;
          ^~~~~~~~~~~~~~~~~~~
../src/helloworld.c: In function 'main':
../src/helloworld.c:129:12: warning: pointer targets in passing argument 1 of 'print' differ in signedness [-Wpointer-sign]
      print(character);
            ^~~~~~~~~
In file included from ../src/helloworld.c:48:
c:\xilinx\sdk\2019.1\gnu\microblaze\nt\microblaze-xilinx-elf\include\stdio.h:250:6: note: expected 'const char *' but argument is of type 'uint8_t *' {aka 'unsigned char *'}
 void print (const char* );
      ^~~~~
../src/helloworld.c:121:10: warning: unused variable 'newitem' [-Wunused-variable]
     byte newitem;
          ^~~~~~~
make: *** [src/subdir.mk:26: src/helloworld.o] Error 1
20:36:50 **** Auto Build of configuration Debug for project test2 ****
make all 
'Building file: ../src/helloworld.c'
'Invoking: MicroBlaze gcc compiler'
mb-gcc -Wall -O0 -g3 -c -fmessage-length=0 -MT"src/helloworld.o" -I../../test2_bsp/microblaze_0/include -mlittle-endian -mcpu=v11.0 -mxl-soft-mul -Wl,--no-relax -ffunction-sections -fdata-sections -MMD -MP -MF"src/helloworld.d" -MT"src/helloworld.o" -o "src/helloworld.o" "../src/helloworld.c"
../src/helloworld.c: In function 'main':
../src/helloworld.c:127:12: warning: pointer targets in passing argument 1 of 'print' differ in signedness [-Wpointer-sign]
      print(character);
            ^~~~~~~~~
In file included from ../src/helloworld.c:48:
c:\xilinx\sdk\2019.1\gnu\microblaze\nt\microblaze-xilinx-elf\include\stdio.h:250:6: note: expected 'const char *' but argument is of type 'uint8_t *' {aka 'unsigned char *'}
 void print (const char* );
      ^~~~~
../src/helloworld.c:119:10: warning: unused variable 'newitem' [-Wunused-variable]
     byte newitem;
          ^~~~~~~
'Finished building: ../src/helloworld.c'
' '
'Building target: test2.elf'
'Invoking: MicroBlaze gcc linker'
mb-gcc -Wl,-T -Wl,../src/lscript.ld -L../../test2_bsp/microblaze_0/lib -mlittle-endian -mcpu=v11.0 -mxl-soft-mul -Wl,--no-relax -Wl,--gc-sections -o "test2.elf"  ./src/helloworld.o ./src/platform.o   -Wl,--start-group,-lxil,-lgcc,-lc,--end-group
'Finished building target: test2.elf'
' '
'Invoking: MicroBlaze Print Size'
mb-size test2.elf  |tee "test2.elf.size"
   text	   data	    bss	    dec	    hex	filename
   3440	    320	   3104	   6864	   1ad0	test2.elf
'Finished building: test2.elf.size'
' '
20:37:03 **** Auto Build of configuration Debug for project test2 ****
make all 
'Building file: ../src/helloworld.c'
'Invoking: MicroBlaze gcc compiler'
mb-gcc -Wall -O0 -g3 -c -fmessage-length=0 -MT"src/helloworld.o" -I../../test2_bsp/microblaze_0/include -mlittle-endian -mcpu=v11.0 -mxl-soft-mul -Wl,--no-relax -ffunction-sections -fdata-sections -MMD -MP -MF"src/helloworld.d" -MT"src/helloworld.o" -o "src/helloworld.o" "../src/helloworld.c"
../src/helloworld.c:109:1: error: '__int128' is not supported on this target
 __int128 name;
 ^~~~~~~~
../src/helloworld.c: In function 'main':
../src/helloworld.c:129:12: warning: pointer targets in passing argument 1 of 'print' differ in signedness [-Wpointer-sign]
      print(character);
            ^~~~~~~~~
In file included from ../src/helloworld.c:48:
c:\xilinx\sdk\2019.1\gnu\microblaze\nt\microblaze-xilinx-elf\include\stdio.h:250:6: note: expected 'const char *' but argument is of type 'uint8_t *' {aka 'unsigned char *'}
 void print (const char* );
      ^~~~~
../src/helloworld.c:121:10: warning: unused variable 'newitem' [-Wunused-variable]
     byte newitem;
          ^~~~~~~
make: *** [src/subdir.mk:26: src/helloworld.o] Error 1
20:40:42 **** Auto Build of configuration Debug for project test2 ****
make all 
'Building file: ../src/helloworld.c'
'Invoking: MicroBlaze gcc compiler'
mb-gcc -Wall -O0 -g3 -c -fmessage-length=0 -MT"src/helloworld.o" -I../../test2_bsp/microblaze_0/include -mlittle-endian -mcpu=v11.0 -mxl-soft-mul -Wl,--no-relax -ffunction-sections -fdata-sections -MMD -MP -MF"src/helloworld.d" -MT"src/helloworld.o" -o "src/helloworld.o" "../src/helloworld.c"
../src/helloworld.c: In function 'main':
../src/helloworld.c:127:12: warning: pointer targets in passing argument 1 of 'print' differ in signedness [-Wpointer-sign]
      print(character);
            ^~~~~~~~~
In file included from ../src/helloworld.c:48:
c:\xilinx\sdk\2019.1\gnu\microblaze\nt\microblaze-xilinx-elf\include\stdio.h:250:6: note: expected 'const char *' but argument is of type 'uint8_t *' {aka 'unsigned char *'}
 void print (const char* );
      ^~~~~
../src/helloworld.c:119:10: warning: unused variable 'newitem' [-Wunused-variable]
     byte newitem;
          ^~~~~~~
'Finished building: ../src/helloworld.c'
' '
'Building target: test2.elf'
'Invoking: MicroBlaze gcc linker'
mb-gcc -Wl,-T -Wl,../src/lscript.ld -L../../test2_bsp/microblaze_0/lib -mlittle-endian -mcpu=v11.0 -mxl-soft-mul -Wl,--no-relax -Wl,--gc-sections -o "test2.elf"  ./src/helloworld.o ./src/platform.o   -Wl,--start-group,-lxil,-lgcc,-lc,--end-group
'Finished building target: test2.elf'
' '
'Invoking: MicroBlaze Print Size'
mb-size test2.elf  |tee "test2.elf.size"
   text	   data	    bss	    dec	    hex	filename
   3440	    320	   3104	   6864	   1ad0	test2.elf
'Finished building: test2.elf.size'
' '
20:40:48 **** Auto Build of configuration Debug for project test2 ****
make all 
'Building file: ../src/helloworld.c'
'Invoking: MicroBlaze gcc compiler'
mb-gcc -Wall -O0 -g3 -c -fmessage-length=0 -MT"src/helloworld.o" -I../../test2_bsp/microblaze_0/include -mlittle-endian -mcpu=v11.0 -mxl-soft-mul -Wl,--no-relax -ffunction-sections -fdata-sections -MMD -MP -MF"src/helloworld.d" -MT"src/helloworld.o" -o "src/helloworld.o" "../src/helloworld.c"
../src/helloworld.c: In function 'main':
../src/helloworld.c:127:12: warning: pointer targets in passing argument 1 of 'print' differ in signedness [-Wpointer-sign]
      print(character);
            ^~~~~~~~~
In file included from ../src/helloworld.c:48:
c:\xilinx\sdk\2019.1\gnu\microblaze\nt\microblaze-xilinx-elf\include\stdio.h:250:6: note: expected 'const char *' but argument is of type 'uint8_t *' {aka 'unsigned char *'}
 void print (const char* );
      ^~~~~
../src/helloworld.c:119:10: warning: unused variable 'newitem' [-Wunused-variable]
     byte newitem;
          ^~~~~~~
'Finished building: ../src/helloworld.c'
' '
'Building target: test2.elf'
'Invoking: MicroBlaze gcc linker'
mb-gcc -Wl,-T -Wl,../src/lscript.ld -L../../test2_bsp/microblaze_0/lib -mlittle-endian -mcpu=v11.0 -mxl-soft-mul -Wl,--no-relax -Wl,--gc-sections -o "test2.elf"  ./src/helloworld.o ./src/platform.o   -Wl,--start-group,-lxil,-lgcc,-lc,--end-group
'Finished building target: test2.elf'
' '
'Invoking: MicroBlaze Print Size'
mb-size test2.elf  |tee "test2.elf.size"
   text	   data	    bss	    dec	    hex	filename
   3440	    320	   3104	   6864	   1ad0	test2.elf
'Finished building: test2.elf.size'
' '
20:41:25 **** Auto Build of configuration Debug for project test2 ****
make all 
'Building file: ../src/helloworld.c'
'Invoking: MicroBlaze gcc compiler'
mb-gcc -Wall -O0 -g3 -c -fmessage-length=0 -MT"src/helloworld.o" -I../../test2_bsp/microblaze_0/include -mlittle-endian -mcpu=v11.0 -mxl-soft-mul -Wl,--no-relax -ffunction-sections -fdata-sections -MMD -MP -MF"src/helloworld.d" -MT"src/helloworld.o" -o "src/helloworld.o" "../src/helloworld.c"
../src/helloworld.c:107:36: warning: integer constant is too large for its type
 const uint64_t ENCRYPTION_START_OP 0xFFFFFFFFFFFFFFFFFFFFFFFFFFFFFFFFFFFFFFFFFFFFFFFFFFFFFFFFFFFFFFFFFFFFFFFFFFFFFFFFFFFFFFFFFFFFFFFFFFFFFFFFFFFFFFFFFFFFFFFFFFFFFFFF;
                                    ^~~~~~~~~~~~~~~~~~~~~~~~~~~~~~~~~~~~~~~~~~~~~~~~~~~~~~~~~~~~~~~~~~~~~~~~~~~~~~~~~~~~~~~~~~~~~~~~~~~~~~~~~~~~~~~~~~~~~~~~~~~~~~~~~~
../src/helloworld.c:107:36: error: expected '=', ',', ';', 'asm' or '__attribute__' before numeric constant
../src/helloworld.c: In function 'main':
../src/helloworld.c:127:12: warning: pointer targets in passing argument 1 of 'print' differ in signedness [-Wpointer-sign]
      print(character);
            ^~~~~~~~~
In file included from ../src/helloworld.c:48:
c:\xilinx\sdk\2019.1\gnu\microblaze\nt\microblaze-xilinx-elf\include\stdio.h:250:6: note: expected 'const char *' but argument is of type 'uint8_t *' {aka 'unsigned char *'}
 void print (const char* );
      ^~~~~
../src/helloworld.c:119:10: warning: unused variable 'newitem' [-Wunused-variable]
     byte newitem;
          ^~~~~~~
make: *** [src/subdir.mk:26: src/helloworld.o] Error 1
20:41:31 **** Auto Build of configuration Debug for project test2 ****
make all 
'Building file: ../src/helloworld.c'
'Invoking: MicroBlaze gcc compiler'
mb-gcc -Wall -O0 -g3 -c -fmessage-length=0 -MT"src/helloworld.o" -I../../test2_bsp/microblaze_0/include -mlittle-endian -mcpu=v11.0 -mxl-soft-mul -Wl,--no-relax -ffunction-sections -fdata-sections -MMD -MP -MF"src/helloworld.d" -MT"src/helloworld.o" -o "src/helloworld.o" "../src/helloworld.c"
../src/helloworld.c:107:38: warning: integer constant is too large for its type
 const uint64_t ENCRYPTION_START_OP = 0xFFFFFFFFFFFFFFFFFFFFFFFFFFFFFFFFFFFFFFFFFFFFFFFFFFFFFFFFFFFFFFFFFFFFFFFFFFFFFFFFFFFFFFFFFFFFFFFFFFFFFFFFFFFFFFFFFFFFFFFFFFFFFFFF;
                                      ^~~~~~~~~~~~~~~~~~~~~~~~~~~~~~~~~~~~~~~~~~~~~~~~~~~~~~~~~~~~~~~~~~~~~~~~~~~~~~~~~~~~~~~~~~~~~~~~~~~~~~~~~~~~~~~~~~~~~~~~~~~~~~~~~~
../src/helloworld.c: In function 'main':
../src/helloworld.c:127:12: warning: pointer targets in passing argument 1 of 'print' differ in signedness [-Wpointer-sign]
      print(character);
            ^~~~~~~~~
In file included from ../src/helloworld.c:48:
c:\xilinx\sdk\2019.1\gnu\microblaze\nt\microblaze-xilinx-elf\include\stdio.h:250:6: note: expected 'const char *' but argument is of type 'uint8_t *' {aka 'unsigned char *'}
 void print (const char* );
      ^~~~~
../src/helloworld.c:119:10: warning: unused variable 'newitem' [-Wunused-variable]
     byte newitem;
          ^~~~~~~
'Finished building: ../src/helloworld.c'
' '
'Building target: test2.elf'
'Invoking: MicroBlaze gcc linker'
mb-gcc -Wl,-T -Wl,../src/lscript.ld -L../../test2_bsp/microblaze_0/lib -mlittle-endian -mcpu=v11.0 -mxl-soft-mul -Wl,--no-relax -Wl,--gc-sections -o "test2.elf"  ./src/helloworld.o ./src/platform.o   -Wl,--start-group,-lxil,-lgcc,-lc,--end-group
'Finished building target: test2.elf'
' '
'Invoking: MicroBlaze Print Size'
mb-size test2.elf  |tee "test2.elf.size"
   text	   data	    bss	    dec	    hex	filename
   3440	    320	   3104	   6864	   1ad0	test2.elf
'Finished building: test2.elf.size'
' '
20:46:14 **** Auto Build of configuration Debug for project test2 ****
make all 
'Building file: ../src/helloworld.c'
'Invoking: MicroBlaze gcc compiler'
mb-gcc -Wall -O0 -g3 -c -fmessage-length=0 -MT"src/helloworld.o" -I../../test2_bsp/microblaze_0/include -mlittle-endian -mcpu=v11.0 -mxl-soft-mul -Wl,--no-relax -ffunction-sections -fdata-sections -MMD -MP -MF"src/helloworld.d" -MT"src/helloworld.o" -o "src/helloworld.o" "../src/helloworld.c"
../src/helloworld.c:107:38: warning: integer constant is too large for its type
 const uint64_t ENCRYPTION_START_OP = 0xFFFFFFFFFFFFFFFFFFFFFFFFFFFFFFFFFFFFFFFFFFFFFFFFFFFFFFFFFFFFFFFFFFFFFFFFFFFFFFFFFFFFFFFFFFFFFFFFFFFFFFFFFFFFFFFFFFFFFFFFFFFFFFFF;
                                      ^~~~~~~~~~~~~~~~~~~~~~~~~~~~~~~~~~~~~~~~~~~~~~~~~~~~~~~~~~~~~~~~~~~~~~~~~~~~~~~~~~~~~~~~~~~~~~~~~~~~~~~~~~~~~~~~~~~~~~~~~~~~~~~~~~
../src/helloworld.c: In function 'main':
../src/helloworld.c:127:12: warning: pointer targets in passing argument 1 of 'print' differ in signedness [-Wpointer-sign]
      print(character);
            ^~~~~~~~~
In file included from ../src/helloworld.c:48:
c:\xilinx\sdk\2019.1\gnu\microblaze\nt\microblaze-xilinx-elf\include\stdio.h:250:6: note: expected 'const char *' but argument is of type 'uint8_t *' {aka 'unsigned char *'}
 void print (const char* );
      ^~~~~
../src/helloworld.c:119:10: warning: unused variable 'newitem' [-Wunused-variable]
     byte newitem;
          ^~~~~~~
'Finished building: ../src/helloworld.c'
' '
'Building target: test2.elf'
'Invoking: MicroBlaze gcc linker'
mb-gcc -Wl,-T -Wl,../src/lscript.ld -L../../test2_bsp/microblaze_0/lib -mlittle-endian -mcpu=v11.0 -mxl-soft-mul -Wl,--no-relax -Wl,--gc-sections -o "test2.elf"  ./src/helloworld.o ./src/platform.o   -Wl,--start-group,-lxil,-lgcc,-lc,--end-group
'Finished building target: test2.elf'
' '
'Invoking: MicroBlaze Print Size'
mb-size test2.elf  |tee "test2.elf.size"
   text	   data	    bss	    dec	    hex	filename
   3440	    320	   3104	   6864	   1ad0	test2.elf
'Finished building: test2.elf.size'
' '
20:47:01 **** Auto Build of configuration Debug for project test2 ****
make all 
'Building file: ../src/helloworld.c'
'Invoking: MicroBlaze gcc compiler'
mb-gcc -Wall -O0 -g3 -c -fmessage-length=0 -MT"src/helloworld.o" -I../../test2_bsp/microblaze_0/include -mlittle-endian -mcpu=v11.0 -mxl-soft-mul -Wl,--no-relax -ffunction-sections -fdata-sections -MMD -MP -MF"src/helloworld.d" -MT"src/helloworld.o" -o "src/helloworld.o" "../src/helloworld.c"
../src/helloworld.c:107:41: error: expected identifier or '(' before numeric constant
 const uint64_t ENCRYPTION_START_OP = 18,446,744,073,709,551,616;
                                         ^~~
../src/helloworld.c: In function 'main':
../src/helloworld.c:127:12: warning: pointer targets in passing argument 1 of 'print' differ in signedness [-Wpointer-sign]
      print(character);
            ^~~~~~~~~
In file included from ../src/helloworld.c:48:
c:\xilinx\sdk\2019.1\gnu\microblaze\nt\microblaze-xilinx-elf\include\stdio.h:250:6: note: expected 'const char *' but argument is of type 'uint8_t *' {aka 'unsigned char *'}
 void print (const char* );
      ^~~~~
../src/helloworld.c:119:10: warning: unused variable 'newitem' [-Wunused-variable]
     byte newitem;
          ^~~~~~~
make: *** [src/subdir.mk:26: src/helloworld.o] Error 1
20:47:08 **** Auto Build of configuration Debug for project test2 ****
make all 
'Building file: ../src/helloworld.c'
'Invoking: MicroBlaze gcc compiler'
mb-gcc -Wall -O0 -g3 -c -fmessage-length=0 -MT"src/helloworld.o" -I../../test2_bsp/microblaze_0/include -mlittle-endian -mcpu=v11.0 -mxl-soft-mul -Wl,--no-relax -ffunction-sections -fdata-sections -MMD -MP -MF"src/helloworld.d" -MT"src/helloworld.o" -o "src/helloworld.o" "../src/helloworld.c"
../src/helloworld.c:107:38: warning: integer constant is too large for its type
 const uint64_t ENCRYPTION_START_OP = 18446744073709551616;
                                      ^~~~~~~~~~~~~~~~~~~~
../src/helloworld.c: In function 'main':
../src/helloworld.c:127:12: warning: pointer targets in passing argument 1 of 'print' differ in signedness [-Wpointer-sign]
      print(character);
            ^~~~~~~~~
In file included from ../src/helloworld.c:48:
c:\xilinx\sdk\2019.1\gnu\microblaze\nt\microblaze-xilinx-elf\include\stdio.h:250:6: note: expected 'const char *' but argument is of type 'uint8_t *' {aka 'unsigned char *'}
 void print (const char* );
      ^~~~~
../src/helloworld.c:119:10: warning: unused variable 'newitem' [-Wunused-variable]
     byte newitem;
          ^~~~~~~
'Finished building: ../src/helloworld.c'
' '
'Building target: test2.elf'
'Invoking: MicroBlaze gcc linker'
mb-gcc -Wl,-T -Wl,../src/lscript.ld -L../../test2_bsp/microblaze_0/lib -mlittle-endian -mcpu=v11.0 -mxl-soft-mul -Wl,--no-relax -Wl,--gc-sections -o "test2.elf"  ./src/helloworld.o ./src/platform.o   -Wl,--start-group,-lxil,-lgcc,-lc,--end-group
'Finished building target: test2.elf'
' '
'Invoking: MicroBlaze Print Size'
mb-size test2.elf  |tee "test2.elf.size"
   text	   data	    bss	    dec	    hex	filename
   3440	    320	   3104	   6864	   1ad0	test2.elf
'Finished building: test2.elf.size'
' '
20:48:34 **** Auto Build of configuration Debug for project test2 ****
make all 
'Building file: ../src/helloworld.c'
'Invoking: MicroBlaze gcc compiler'
mb-gcc -Wall -O0 -g3 -c -fmessage-length=0 -MT"src/helloworld.o" -I../../test2_bsp/microblaze_0/include -mlittle-endian -mcpu=v11.0 -mxl-soft-mul -Wl,--no-relax -ffunction-sections -fdata-sections -MMD -MP -MF"src/helloworld.d" -MT"src/helloworld.o" -o "src/helloworld.o" "../src/helloworld.c"
../src/helloworld.c: In function 'main':
../src/helloworld.c:127:12: warning: pointer targets in passing argument 1 of 'print' differ in signedness [-Wpointer-sign]
      print(character);
            ^~~~~~~~~
In file included from ../src/helloworld.c:48:
c:\xilinx\sdk\2019.1\gnu\microblaze\nt\microblaze-xilinx-elf\include\stdio.h:250:6: note: expected 'const char *' but argument is of type 'uint8_t *' {aka 'unsigned char *'}
 void print (const char* );
      ^~~~~
../src/helloworld.c:119:10: warning: unused variable 'newitem' [-Wunused-variable]
     byte newitem;
          ^~~~~~~
'Finished building: ../src/helloworld.c'
' '
'Building target: test2.elf'
'Invoking: MicroBlaze gcc linker'
mb-gcc -Wl,-T -Wl,../src/lscript.ld -L../../test2_bsp/microblaze_0/lib -mlittle-endian -mcpu=v11.0 -mxl-soft-mul -Wl,--no-relax -Wl,--gc-sections -o "test2.elf"  ./src/helloworld.o ./src/platform.o   -Wl,--start-group,-lxil,-lgcc,-lc,--end-group
'Finished building target: test2.elf'
' '
'Invoking: MicroBlaze Print Size'
mb-size test2.elf  |tee "test2.elf.size"
   text	   data	    bss	    dec	    hex	filename
   3440	    320	   3104	   6864	   1ad0	test2.elf
'Finished building: test2.elf.size'
' '
20:50:13 **** Auto Build of configuration Debug for project test2 ****
make all 
'Building file: ../src/helloworld.c'
'Invoking: MicroBlaze gcc compiler'
mb-gcc -Wall -O0 -g3 -c -fmessage-length=0 -MT"src/helloworld.o" -I../../test2_bsp/microblaze_0/include -mlittle-endian -mcpu=v11.0 -mxl-soft-mul -Wl,--no-relax -ffunction-sections -fdata-sections -MMD -MP -MF"src/helloworld.d" -MT"src/helloworld.o" -o "src/helloworld.o" "../src/helloworld.c"
../src/helloworld.c:108:16: error: redefinition of 'ENCRYPTION_START_OP'
 const uint64_t ENCRYPTION_START_OP = 0xBBBBBBBBBBBBBBBB;
                ^~~~~~~~~~~~~~~~~~~
../src/helloworld.c:107:16: note: previous definition of 'ENCRYPTION_START_OP' was here
 const uint64_t ENCRYPTION_START_OP = 0xFFFFFFFFFFFFFFFF;
                ^~~~~~~~~~~~~~~~~~~
../src/helloworld.c: In function 'main':
../src/helloworld.c:128:12: warning: pointer targets in passing argument 1 of 'print' differ in signedness [-Wpointer-sign]
      print(character);
            ^~~~~~~~~
In file included from ../src/helloworld.c:48:
c:\xilinx\sdk\2019.1\gnu\microblaze\nt\microblaze-xilinx-elf\include\stdio.h:250:6: note: expected 'const char *' but argument is of type 'uint8_t *' {aka 'unsigned char *'}
 void print (const char* );
      ^~~~~
../src/helloworld.c:120:10: warning: unused variable 'newitem' [-Wunused-variable]
     byte newitem;
          ^~~~~~~
make: *** [src/subdir.mk:26: src/helloworld.o] Error 1
20:50:21 **** Auto Build of configuration Debug for project test2 ****
make all 
'Building file: ../src/helloworld.c'
'Invoking: MicroBlaze gcc compiler'
mb-gcc -Wall -O0 -g3 -c -fmessage-length=0 -MT"src/helloworld.o" -I../../test2_bsp/microblaze_0/include -mlittle-endian -mcpu=v11.0 -mxl-soft-mul -Wl,--no-relax -ffunction-sections -fdata-sections -MMD -MP -MF"src/helloworld.d" -MT"src/helloworld.o" -o "src/helloworld.o" "../src/helloworld.c"
../src/helloworld.c: In function 'main':
../src/helloworld.c:128:12: warning: pointer targets in passing argument 1 of 'print' differ in signedness [-Wpointer-sign]
      print(character);
            ^~~~~~~~~
In file included from ../src/helloworld.c:48:
c:\xilinx\sdk\2019.1\gnu\microblaze\nt\microblaze-xilinx-elf\include\stdio.h:250:6: note: expected 'const char *' but argument is of type 'uint8_t *' {aka 'unsigned char *'}
 void print (const char* );
      ^~~~~
../src/helloworld.c:120:10: warning: unused variable 'newitem' [-Wunused-variable]
     byte newitem;
          ^~~~~~~
'Finished building: ../src/helloworld.c'
' '
'Building target: test2.elf'
'Invoking: MicroBlaze gcc linker'
mb-gcc -Wl,-T -Wl,../src/lscript.ld -L../../test2_bsp/microblaze_0/lib -mlittle-endian -mcpu=v11.0 -mxl-soft-mul -Wl,--no-relax -Wl,--gc-sections -o "test2.elf"  ./src/helloworld.o ./src/platform.o   -Wl,--start-group,-lxil,-lgcc,-lc,--end-group
'Finished building target: test2.elf'
' '
'Invoking: MicroBlaze Print Size'
mb-size test2.elf  |tee "test2.elf.size"
   text	   data	    bss	    dec	    hex	filename
   3440	    320	   3104	   6864	   1ad0	test2.elf
'Finished building: test2.elf.size'
' '
20:50:27 **** Incremental Build of configuration Debug for project test2 ****
make all 
make: Nothing to be done for 'all'.
20:52:13 **** Auto Build of configuration Debug for project test2 ****
make all 
'Building file: ../src/helloworld.c'
'Invoking: MicroBlaze gcc compiler'
mb-gcc -Wall -O0 -g3 -c -fmessage-length=0 -MT"src/helloworld.o" -I../../test2_bsp/microblaze_0/include -mlittle-endian -mcpu=v11.0 -mxl-soft-mul -Wl,--no-relax -ffunction-sections -fdata-sections -MMD -MP -MF"src/helloworld.d" -MT"src/helloworld.o" -o "src/helloworld.o" "../src/helloworld.c"
../src/helloworld.c: In function 'main':
../src/helloworld.c:126:12: warning: pointer targets in passing argument 1 of 'print' differ in signedness [-Wpointer-sign]
      print(character);
            ^~~~~~~~~
In file included from ../src/helloworld.c:48:
c:\xilinx\sdk\2019.1\gnu\microblaze\nt\microblaze-xilinx-elf\include\stdio.h:250:6: note: expected 'const char *' but argument is of type 'uint8_t *' {aka 'unsigned char *'}
 void print (const char* );
      ^~~~~
../src/helloworld.c:129:26: error: 'END_OP' undeclared (first use in this function)
      if (character[0] == END_OP)
                          ^~~~~~
../src/helloworld.c:129:26: note: each undeclared identifier is reported only once for each function it appears in
../src/helloworld.c:118:10: warning: unused variable 'newitem' [-Wunused-variable]
     byte newitem;
          ^~~~~~~
make: *** [src/subdir.mk:26: src/helloworld.o] Error 1
20:52:21 **** Auto Build of configuration Debug for project test2 ****
make all 
'Building file: ../src/helloworld.c'
'Invoking: MicroBlaze gcc compiler'
mb-gcc -Wall -O0 -g3 -c -fmessage-length=0 -MT"src/helloworld.o" -I../../test2_bsp/microblaze_0/include -mlittle-endian -mcpu=v11.0 -mxl-soft-mul -Wl,--no-relax -ffunction-sections -fdata-sections -MMD -MP -MF"src/helloworld.d" -MT"src/helloworld.o" -o "src/helloworld.o" "../src/helloworld.c"
../src/helloworld.c: In function 'main':
../src/helloworld.c:126:12: warning: pointer targets in passing argument 1 of 'print' differ in signedness [-Wpointer-sign]
      print(character);
            ^~~~~~~~~
In file included from ../src/helloworld.c:48:
c:\xilinx\sdk\2019.1\gnu\microblaze\nt\microblaze-xilinx-elf\include\stdio.h:250:6: note: expected 'const char *' but argument is of type 'uint8_t *' {aka 'unsigned char *'}
 void print (const char* );
      ^~~~~
../src/helloworld.c:118:10: warning: unused variable 'newitem' [-Wunused-variable]
     byte newitem;
          ^~~~~~~
'Finished building: ../src/helloworld.c'
' '
'Building target: test2.elf'
'Invoking: MicroBlaze gcc linker'
mb-gcc -Wl,-T -Wl,../src/lscript.ld -L../../test2_bsp/microblaze_0/lib -mlittle-endian -mcpu=v11.0 -mxl-soft-mul -Wl,--no-relax -Wl,--gc-sections -o "test2.elf"  ./src/helloworld.o ./src/platform.o   -Wl,--start-group,-lxil,-lgcc,-lc,--end-group
'Finished building target: test2.elf'
' '
'Invoking: MicroBlaze Print Size'
mb-size test2.elf  |tee "test2.elf.size"
   text	   data	    bss	    dec	    hex	filename
   3380	    320	   3108	   6808	   1a98	test2.elf
'Finished building: test2.elf.size'
' '
20:52:23 **** Auto Build of configuration Debug for project test2 ****
make all 
'Building file: ../src/helloworld.c'
'Invoking: MicroBlaze gcc compiler'
mb-gcc -Wall -O0 -g3 -c -fmessage-length=0 -MT"src/helloworld.o" -I../../test2_bsp/microblaze_0/include -mlittle-endian -mcpu=v11.0 -mxl-soft-mul -Wl,--no-relax -ffunction-sections -fdata-sections -MMD -MP -MF"src/helloworld.d" -MT"src/helloworld.o" -o "src/helloworld.o" "../src/helloworld.c"
../src/helloworld.c: In function 'main':
../src/helloworld.c:126:12: warning: pointer targets in passing argument 1 of 'print' differ in signedness [-Wpointer-sign]
      print(character);
            ^~~~~~~~~
In file included from ../src/helloworld.c:48:
c:\xilinx\sdk\2019.1\gnu\microblaze\nt\microblaze-xilinx-elf\include\stdio.h:250:6: note: expected 'const char *' but argument is of type 'uint8_t *' {aka 'unsigned char *'}
 void print (const char* );
      ^~~~~
../src/helloworld.c:129:26: error: 'END_OP' undeclared (first use in this function)
      if (character[0] == END_OP)
                          ^~~~~~
../src/helloworld.c:129:26: note: each undeclared identifier is reported only once for each function it appears in
../src/helloworld.c:118:10: warning: unused variable 'newitem' [-Wunused-variable]
     byte newitem;
          ^~~~~~~
make: *** [src/subdir.mk:26: src/helloworld.o] Error 1
20:53:27 **** Auto Build of configuration Debug for project test2 ****
make all 
'Building file: ../src/helloworld.c'
'Invoking: MicroBlaze gcc compiler'
mb-gcc -Wall -O0 -g3 -c -fmessage-length=0 -MT"src/helloworld.o" -I../../test2_bsp/microblaze_0/include -mlittle-endian -mcpu=v11.0 -mxl-soft-mul -Wl,--no-relax -ffunction-sections -fdata-sections -MMD -MP -MF"src/helloworld.d" -MT"src/helloworld.o" -o "src/helloworld.o" "../src/helloworld.c"
../src/helloworld.c:105:42: warning: conversion from 'long long unsigned int' to 'uint8_t' {aka 'const unsigned char'} changes value from '18446744073709551615' to '255' [-Woverflow]
 const uint8_t ENCRYPTION_START_OP_PART = 0xFFFFFFFFFFFFFFFF;
                                          ^~~~~~~~~~~~~~~~~~
../src/helloworld.c:106:42: warning: conversion from 'long long unsigned int' to 'uint8_t' {aka 'const unsigned char'} changes value from '13527612320720337851' to '187' [-Woverflow]
 const uint8_t DECRYPTION_START_OP_PART = 0xBBBBBBBBBBBBBBBB;
                                          ^~~~~~~~~~~~~~~~~~
../src/helloworld.c: In function 'main':
../src/helloworld.c:126:12: warning: pointer targets in passing argument 1 of 'print' differ in signedness [-Wpointer-sign]
      print(character);
            ^~~~~~~~~
In file included from ../src/helloworld.c:48:
c:\xilinx\sdk\2019.1\gnu\microblaze\nt\microblaze-xilinx-elf\include\stdio.h:250:6: note: expected 'const char *' but argument is of type 'uint8_t *' {aka 'unsigned char *'}
 void print (const char* );
      ^~~~~
../src/helloworld.c:129:26: error: 'END_OP' undeclared (first use in this function)
      if (character[0] == END_OP)
                          ^~~~~~
../src/helloworld.c:129:26: note: each undeclared identifier is reported only once for each function it appears in
../src/helloworld.c:118:10: warning: unused variable 'newitem' [-Wunused-variable]
     byte newitem;
          ^~~~~~~
make: *** [src/subdir.mk:26: src/helloworld.o] Error 1
20:53:35 **** Auto Build of configuration Debug for project test2 ****
make all 
'Building file: ../src/helloworld.c'
'Invoking: MicroBlaze gcc compiler'
mb-gcc -Wall -O0 -g3 -c -fmessage-length=0 -MT"src/helloworld.o" -I../../test2_bsp/microblaze_0/include -mlittle-endian -mcpu=v11.0 -mxl-soft-mul -Wl,--no-relax -ffunction-sections -fdata-sections -MMD -MP -MF"src/helloworld.d" -MT"src/helloworld.o" -o "src/helloworld.o" "../src/helloworld.c"
../src/helloworld.c: In function 'main':
../src/helloworld.c:126:12: warning: pointer targets in passing argument 1 of 'print' differ in signedness [-Wpointer-sign]
      print(character);
            ^~~~~~~~~
In file included from ../src/helloworld.c:48:
c:\xilinx\sdk\2019.1\gnu\microblaze\nt\microblaze-xilinx-elf\include\stdio.h:250:6: note: expected 'const char *' but argument is of type 'uint8_t *' {aka 'unsigned char *'}
 void print (const char* );
      ^~~~~
../src/helloworld.c:129:26: error: 'END_OP' undeclared (first use in this function)
      if (character[0] == END_OP)
                          ^~~~~~
../src/helloworld.c:129:26: note: each undeclared identifier is reported only once for each function it appears in
../src/helloworld.c:118:10: warning: unused variable 'newitem' [-Wunused-variable]
     byte newitem;
          ^~~~~~~
make: *** [src/subdir.mk:26: src/helloworld.o] Error 1
20:54:03 **** Auto Build of configuration Debug for project test2 ****
make all 
'Building file: ../src/helloworld.c'
'Invoking: MicroBlaze gcc compiler'
mb-gcc -Wall -O0 -g3 -c -fmessage-length=0 -MT"src/helloworld.o" -I../../test2_bsp/microblaze_0/include -mlittle-endian -mcpu=v11.0 -mxl-soft-mul -Wl,--no-relax -ffunction-sections -fdata-sections -MMD -MP -MF"src/helloworld.d" -MT"src/helloworld.o" -o "src/helloworld.o" "../src/helloworld.c"
../src/helloworld.c: In function 'main':
../src/helloworld.c:126:12: warning: pointer targets in passing argument 1 of 'print' differ in signedness [-Wpointer-sign]
      print(character);
            ^~~~~~~~~
In file included from ../src/helloworld.c:48:
c:\xilinx\sdk\2019.1\gnu\microblaze\nt\microblaze-xilinx-elf\include\stdio.h:250:6: note: expected 'const char *' but argument is of type 'uint8_t *' {aka 'unsigned char *'}
 void print (const char* );
      ^~~~~
../src/helloworld.c:129:26: error: 'END_OP' undeclared (first use in this function)
      if (character[0] == END_OP)
                          ^~~~~~
../src/helloworld.c:129:26: note: each undeclared identifier is reported only once for each function it appears in
../src/helloworld.c:118:10: warning: unused variable 'newitem' [-Wunused-variable]
     byte newitem;
          ^~~~~~~
make: *** [src/subdir.mk:26: src/helloworld.o] Error 1
20:54:39 **** Auto Build of configuration Debug for project test2 ****
make all 
'Building file: ../src/helloworld.c'
'Invoking: MicroBlaze gcc compiler'
mb-gcc -Wall -O0 -g3 -c -fmessage-length=0 -MT"src/helloworld.o" -I../../test2_bsp/microblaze_0/include -mlittle-endian -mcpu=v11.0 -mxl-soft-mul -Wl,--no-relax -ffunction-sections -fdata-sections -MMD -MP -MF"src/helloworld.d" -MT"src/helloworld.o" -o "src/helloworld.o" "../src/helloworld.c"
../src/helloworld.c: In function 'main':
../src/helloworld.c:126:12: warning: pointer targets in passing argument 1 of 'print' differ in signedness [-Wpointer-sign]
      print(character);
            ^~~~~~~~~
In file included from ../src/helloworld.c:48:
c:\xilinx\sdk\2019.1\gnu\microblaze\nt\microblaze-xilinx-elf\include\stdio.h:250:6: note: expected 'const char *' but argument is of type 'uint8_t *' {aka 'unsigned char *'}
 void print (const char* );
      ^~~~~
../src/helloworld.c:129:26: error: 'END_OP' undeclared (first use in this function)
      if (character[0] == END_OP)
                          ^~~~~~
../src/helloworld.c:129:26: note: each undeclared identifier is reported only once for each function it appears in
../src/helloworld.c:118:10: warning: unused variable 'newitem' [-Wunused-variable]
     byte newitem;
          ^~~~~~~
../src/helloworld.c: In function 'GetOperation':
../src/helloworld.c:142:1: warning: control reaches end of non-void function [-Wreturn-type]
 }
 ^
make: *** [src/subdir.mk:26: src/helloworld.o] Error 1
20:54:44 **** Auto Build of configuration Debug for project test2 ****
make all 
'Building file: ../src/helloworld.c'
'Invoking: MicroBlaze gcc compiler'
mb-gcc -Wall -O0 -g3 -c -fmessage-length=0 -MT"src/helloworld.o" -I../../test2_bsp/microblaze_0/include -mlittle-endian -mcpu=v11.0 -mxl-soft-mul -Wl,--no-relax -ffunction-sections -fdata-sections -MMD -MP -MF"src/helloworld.d" -MT"src/helloworld.o" -o "src/helloworld.o" "../src/helloworld.c"
../src/helloworld.c: In function 'main':
../src/helloworld.c:126:12: warning: pointer targets in passing argument 1 of 'print' differ in signedness [-Wpointer-sign]
      print(character);
            ^~~~~~~~~
In file included from ../src/helloworld.c:48:
c:\xilinx\sdk\2019.1\gnu\microblaze\nt\microblaze-xilinx-elf\include\stdio.h:250:6: note: expected 'const char *' but argument is of type 'uint8_t *' {aka 'unsigned char *'}
 void print (const char* );
      ^~~~~
../src/helloworld.c:129:26: error: 'END_OP' undeclared (first use in this function)
      if (character[0] == END_OP)
                          ^~~~~~
../src/helloworld.c:129:26: note: each undeclared identifier is reported only once for each function it appears in
../src/helloworld.c:118:10: warning: unused variable 'newitem' [-Wunused-variable]
     byte newitem;
          ^~~~~~~
../src/helloworld.c: In function 'GetOperation':
../src/helloworld.c:142:1: warning: control reaches end of non-void function [-Wreturn-type]
 }
 ^
make: *** [src/subdir.mk:26: src/helloworld.o] Error 1
20:54:51 **** Auto Build of configuration Debug for project test2 ****
make all 
'Building file: ../src/helloworld.c'
'Invoking: MicroBlaze gcc compiler'
mb-gcc -Wall -O0 -g3 -c -fmessage-length=0 -MT"src/helloworld.o" -I../../test2_bsp/microblaze_0/include -mlittle-endian -mcpu=v11.0 -mxl-soft-mul -Wl,--no-relax -ffunction-sections -fdata-sections -MMD -MP -MF"src/helloworld.d" -MT"src/helloworld.o" -o "src/helloworld.o" "../src/helloworld.c"
../src/helloworld.c: In function 'main':
../src/helloworld.c:126:12: warning: pointer targets in passing argument 1 of 'print' differ in signedness [-Wpointer-sign]
      print(character);
            ^~~~~~~~~
In file included from ../src/helloworld.c:48:
c:\xilinx\sdk\2019.1\gnu\microblaze\nt\microblaze-xilinx-elf\include\stdio.h:250:6: note: expected 'const char *' but argument is of type 'uint8_t *' {aka 'unsigned char *'}
 void print (const char* );
      ^~~~~
../src/helloworld.c:129:26: error: 'END_OP' undeclared (first use in this function)
      if (character[0] == END_OP)
                          ^~~~~~
../src/helloworld.c:129:26: note: each undeclared identifier is reported only once for each function it appears in
../src/helloworld.c:118:10: warning: unused variable 'newitem' [-Wunused-variable]
     byte newitem;
          ^~~~~~~
../src/helloworld.c: In function 'GetOperation':
../src/helloworld.c:140:6: warning: type of 'null' defaults to 'int' [-Wimplicit-int]
 byte GetOperation( null ){
      ^~~~~~~~~~~~
../src/helloworld.c:142:1: warning: control reaches end of non-void function [-Wreturn-type]
 }
 ^
make: *** [src/subdir.mk:26: src/helloworld.o] Error 1
20:54:54 **** Auto Build of configuration Debug for project test2 ****
make all 
'Building file: ../src/helloworld.c'
'Invoking: MicroBlaze gcc compiler'
mb-gcc -Wall -O0 -g3 -c -fmessage-length=0 -MT"src/helloworld.o" -I../../test2_bsp/microblaze_0/include -mlittle-endian -mcpu=v11.0 -mxl-soft-mul -Wl,--no-relax -ffunction-sections -fdata-sections -MMD -MP -MF"src/helloworld.d" -MT"src/helloworld.o" -o "src/helloworld.o" "../src/helloworld.c"
../src/helloworld.c: In function 'main':
../src/helloworld.c:126:12: warning: pointer targets in passing argument 1 of 'print' differ in signedness [-Wpointer-sign]
      print(character);
            ^~~~~~~~~
In file included from ../src/helloworld.c:48:
c:\xilinx\sdk\2019.1\gnu\microblaze\nt\microblaze-xilinx-elf\include\stdio.h:250:6: note: expected 'const char *' but argument is of type 'uint8_t *' {aka 'unsigned char *'}
 void print (const char* );
      ^~~~~
../src/helloworld.c:129:26: error: 'END_OP' undeclared (first use in this function)
      if (character[0] == END_OP)
                          ^~~~~~
../src/helloworld.c:129:26: note: each undeclared identifier is reported only once for each function it appears in
../src/helloworld.c:118:10: warning: unused variable 'newitem' [-Wunused-variable]
     byte newitem;
          ^~~~~~~
In file included from c:\xilinx\sdk\2019.1\gnu\microblaze\nt\microblaze-xilinx-elf\include\stdlib.h:16,
                 from ../src/helloworld.c:56:
../src/helloworld.c: At top level:
../src/helloworld.c:140:20: error: expected declaration specifiers or '...' before '(' token
 byte GetOperation( NULL ){
                    ^~~~
make: *** [src/subdir.mk:26: src/helloworld.o] Error 1
20:54:59 **** Auto Build of configuration Debug for project test2 ****
make all 
'Building file: ../src/helloworld.c'
'Invoking: MicroBlaze gcc compiler'
mb-gcc -Wall -O0 -g3 -c -fmessage-length=0 -MT"src/helloworld.o" -I../../test2_bsp/microblaze_0/include -mlittle-endian -mcpu=v11.0 -mxl-soft-mul -Wl,--no-relax -ffunction-sections -fdata-sections -MMD -MP -MF"src/helloworld.d" -MT"src/helloworld.o" -o "src/helloworld.o" "../src/helloworld.c"
../src/helloworld.c: In function 'main':
../src/helloworld.c:126:12: warning: pointer targets in passing argument 1 of 'print' differ in signedness [-Wpointer-sign]
      print(character);
            ^~~~~~~~~
In file included from ../src/helloworld.c:48:
c:\xilinx\sdk\2019.1\gnu\microblaze\nt\microblaze-xilinx-elf\include\stdio.h:250:6: note: expected 'const char *' but argument is of type 'uint8_t *' {aka 'unsigned char *'}
 void print (const char* );
      ^~~~~
../src/helloworld.c:129:26: error: 'END_OP' undeclared (first use in this function)
      if (character[0] == END_OP)
                          ^~~~~~
../src/helloworld.c:129:26: note: each undeclared identifier is reported only once for each function it appears in
../src/helloworld.c:118:10: warning: unused variable 'newitem' [-Wunused-variable]
     byte newitem;
          ^~~~~~~
../src/helloworld.c: In function 'GetOperation':
../src/helloworld.c:142:1: warning: control reaches end of non-void function [-Wreturn-type]
 }
 ^
make: *** [src/subdir.mk:26: src/helloworld.o] Error 1
20:55:01 **** Auto Build of configuration Debug for project test2 ****
make all 
'Building file: ../src/helloworld.c'
'Invoking: MicroBlaze gcc compiler'
mb-gcc -Wall -O0 -g3 -c -fmessage-length=0 -MT"src/helloworld.o" -I../../test2_bsp/microblaze_0/include -mlittle-endian -mcpu=v11.0 -mxl-soft-mul -Wl,--no-relax -ffunction-sections -fdata-sections -MMD -MP -MF"src/helloworld.d" -MT"src/helloworld.o" -o "src/helloworld.o" "../src/helloworld.c"
../src/helloworld.c: In function 'main':
../src/helloworld.c:126:12: warning: pointer targets in passing argument 1 of 'print' differ in signedness [-Wpointer-sign]
      print(character);
            ^~~~~~~~~
In file included from ../src/helloworld.c:48:
c:\xilinx\sdk\2019.1\gnu\microblaze\nt\microblaze-xilinx-elf\include\stdio.h:250:6: note: expected 'const char *' but argument is of type 'uint8_t *' {aka 'unsigned char *'}
 void print (const char* );
      ^~~~~
../src/helloworld.c:129:26: error: 'END_OP' undeclared (first use in this function)
      if (character[0] == END_OP)
                          ^~~~~~
../src/helloworld.c:129:26: note: each undeclared identifier is reported only once for each function it appears in
../src/helloworld.c:118:10: warning: unused variable 'newitem' [-Wunused-variable]
     byte newitem;
          ^~~~~~~
../src/helloworld.c: In function 'GetOperation':
../src/helloworld.c:142:1: warning: control reaches end of non-void function [-Wreturn-type]
 }
 ^
make: *** [src/subdir.mk:26: src/helloworld.o] Error 1
20:55:05 **** Auto Build of configuration Debug for project test2 ****
make all 
'Building file: ../src/helloworld.c'
'Invoking: MicroBlaze gcc compiler'
mb-gcc -Wall -O0 -g3 -c -fmessage-length=0 -MT"src/helloworld.o" -I../../test2_bsp/microblaze_0/include -mlittle-endian -mcpu=v11.0 -mxl-soft-mul -Wl,--no-relax -ffunction-sections -fdata-sections -MMD -MP -MF"src/helloworld.d" -MT"src/helloworld.o" -o "src/helloworld.o" "../src/helloworld.c"
../src/helloworld.c: In function 'main':
../src/helloworld.c:126:12: warning: pointer targets in passing argument 1 of 'print' differ in signedness [-Wpointer-sign]
      print(character);
            ^~~~~~~~~
In file included from ../src/helloworld.c:48:
c:\xilinx\sdk\2019.1\gnu\microblaze\nt\microblaze-xilinx-elf\include\stdio.h:250:6: note: expected 'const char *' but argument is of type 'uint8_t *' {aka 'unsigned char *'}
 void print (const char* );
      ^~~~~
../src/helloworld.c:129:26: error: 'END_OP' undeclared (first use in this function)
      if (character[0] == END_OP)
                          ^~~~~~
../src/helloworld.c:129:26: note: each undeclared identifier is reported only once for each function it appears in
../src/helloworld.c:118:10: warning: unused variable 'newitem' [-Wunused-variable]
     byte newitem;
          ^~~~~~~
../src/helloworld.c: In function 'GetOperation':
../src/helloworld.c:141:1: warning: control reaches end of non-void function [-Wreturn-type]
 }
 ^
make: *** [src/subdir.mk:26: src/helloworld.o] Error 1
20:55:08 **** Auto Build of configuration Debug for project test2 ****
make all 
'Building file: ../src/helloworld.c'
'Invoking: MicroBlaze gcc compiler'
mb-gcc -Wall -O0 -g3 -c -fmessage-length=0 -MT"src/helloworld.o" -I../../test2_bsp/microblaze_0/include -mlittle-endian -mcpu=v11.0 -mxl-soft-mul -Wl,--no-relax -ffunction-sections -fdata-sections -MMD -MP -MF"src/helloworld.d" -MT"src/helloworld.o" -o "src/helloworld.o" "../src/helloworld.c"
../src/helloworld.c: In function 'main':
../src/helloworld.c:126:12: warning: pointer targets in passing argument 1 of 'print' differ in signedness [-Wpointer-sign]
      print(character);
            ^~~~~~~~~
In file included from ../src/helloworld.c:48:
c:\xilinx\sdk\2019.1\gnu\microblaze\nt\microblaze-xilinx-elf\include\stdio.h:250:6: note: expected 'const char *' but argument is of type 'uint8_t *' {aka 'unsigned char *'}
 void print (const char* );
      ^~~~~
../src/helloworld.c:129:26: error: 'END_OP' undeclared (first use in this function)
      if (character[0] == END_OP)
                          ^~~~~~
../src/helloworld.c:129:26: note: each undeclared identifier is reported only once for each function it appears in
../src/helloworld.c:118:10: warning: unused variable 'newitem' [-Wunused-variable]
     byte newitem;
          ^~~~~~~
../src/helloworld.c: In function 'GetOperation':
../src/helloworld.c:141:1: warning: control reaches end of non-void function [-Wreturn-type]
 }
 ^
make: *** [src/subdir.mk:26: src/helloworld.o] Error 1
20:55:36 **** Auto Build of configuration Debug for project test2 ****
make all 
'Building file: ../src/helloworld.c'
'Invoking: MicroBlaze gcc compiler'
mb-gcc -Wall -O0 -g3 -c -fmessage-length=0 -MT"src/helloworld.o" -I../../test2_bsp/microblaze_0/include -mlittle-endian -mcpu=v11.0 -mxl-soft-mul -Wl,--no-relax -ffunction-sections -fdata-sections -MMD -MP -MF"src/helloworld.d" -MT"src/helloworld.o" -o "src/helloworld.o" "../src/helloworld.c"
../src/helloworld.c: In function 'main':
../src/helloworld.c:127:12: warning: pointer targets in passing argument 1 of 'print' differ in signedness [-Wpointer-sign]
      print(character);
            ^~~~~~~~~
In file included from ../src/helloworld.c:48:
c:\xilinx\sdk\2019.1\gnu\microblaze\nt\microblaze-xilinx-elf\include\stdio.h:250:6: note: expected 'const char *' but argument is of type 'uint8_t *' {aka 'unsigned char *'}
 void print (const char* );
      ^~~~~
../src/helloworld.c:130:26: error: 'END_OP' undeclared (first use in this function)
      if (character[0] == END_OP)
                          ^~~~~~
../src/helloworld.c:130:26: note: each undeclared identifier is reported only once for each function it appears in
../src/helloworld.c:119:10: warning: unused variable 'newitem' [-Wunused-variable]
     byte newitem;
          ^~~~~~~
../src/helloworld.c: In function 'GetOperation':
../src/helloworld.c:142:1: warning: control reaches end of non-void function [-Wreturn-type]
 }
 ^
make: *** [src/subdir.mk:26: src/helloworld.o] Error 1
20:55:43 **** Auto Build of configuration Debug for project test2 ****
make all 
'Building file: ../src/helloworld.c'
'Invoking: MicroBlaze gcc compiler'
mb-gcc -Wall -O0 -g3 -c -fmessage-length=0 -MT"src/helloworld.o" -I../../test2_bsp/microblaze_0/include -mlittle-endian -mcpu=v11.0 -mxl-soft-mul -Wl,--no-relax -ffunction-sections -fdata-sections -MMD -MP -MF"src/helloworld.d" -MT"src/helloworld.o" -o "src/helloworld.o" "../src/helloworld.c"
../src/helloworld.c: In function 'main':
../src/helloworld.c:127:12: warning: pointer targets in passing argument 1 of 'print' differ in signedness [-Wpointer-sign]
      print(character);
            ^~~~~~~~~
In file included from ../src/helloworld.c:48:
c:\xilinx\sdk\2019.1\gnu\microblaze\nt\microblaze-xilinx-elf\include\stdio.h:250:6: note: expected 'const char *' but argument is of type 'uint8_t *' {aka 'unsigned char *'}
 void print (const char* );
      ^~~~~
../src/helloworld.c:130:26: error: 'END_OP' undeclared (first use in this function)
      if (character[0] == END_OP)
                          ^~~~~~
../src/helloworld.c:130:26: note: each undeclared identifier is reported only once for each function it appears in
../src/helloworld.c:119:10: warning: unused variable 'newitem' [-Wunused-variable]
     byte newitem;
          ^~~~~~~
make: *** [src/subdir.mk:26: src/helloworld.o] Error 1
20:55:59 **** Auto Build of configuration Debug for project test2 ****
make all 
'Building file: ../src/helloworld.c'
'Invoking: MicroBlaze gcc compiler'
mb-gcc -Wall -O0 -g3 -c -fmessage-length=0 -MT"src/helloworld.o" -I../../test2_bsp/microblaze_0/include -mlittle-endian -mcpu=v11.0 -mxl-soft-mul -Wl,--no-relax -ffunction-sections -fdata-sections -MMD -MP -MF"src/helloworld.d" -MT"src/helloworld.o" -o "src/helloworld.o" "../src/helloworld.c"
../src/helloworld.c: In function 'main':
../src/helloworld.c:127:12: warning: pointer targets in passing argument 1 of 'print' differ in signedness [-Wpointer-sign]
      print(character);
            ^~~~~~~~~
In file included from ../src/helloworld.c:48:
c:\xilinx\sdk\2019.1\gnu\microblaze\nt\microblaze-xilinx-elf\include\stdio.h:250:6: note: expected 'const char *' but argument is of type 'uint8_t *' {aka 'unsigned char *'}
 void print (const char* );
      ^~~~~
../src/helloworld.c:130:26: error: 'END_OP' undeclared (first use in this function)
      if (character[0] == END_OP)
                          ^~~~~~
../src/helloworld.c:130:26: note: each undeclared identifier is reported only once for each function it appears in
../src/helloworld.c:119:10: warning: unused variable 'newitem' [-Wunused-variable]
     byte newitem;
          ^~~~~~~
../src/helloworld.c: In function 'GetOperation':
../src/helloworld.c:142:7: warning: unused variable 'i' [-Wunused-variable]
  byte i = 0;
       ^
make: *** [src/subdir.mk:26: src/helloworld.o] Error 1
20:56:27 **** Auto Build of configuration Debug for project test2 ****
make all 
'Building file: ../src/helloworld.c'
'Invoking: MicroBlaze gcc compiler'
mb-gcc -Wall -O0 -g3 -c -fmessage-length=0 -MT"src/helloworld.o" -I../../test2_bsp/microblaze_0/include -mlittle-endian -mcpu=v11.0 -mxl-soft-mul -Wl,--no-relax -ffunction-sections -fdata-sections -MMD -MP -MF"src/helloworld.d" -MT"src/helloworld.o" -o "src/helloworld.o" "../src/helloworld.c"
../src/helloworld.c:108:6: error: expected '=', ',', ';', 'asm' or '__attribute__' before 'operation_stream'
 byte operation_stream[64];
      ^~~~~~~~~~~~~~~~
../src/helloworld.c: In function 'main':
../src/helloworld.c:127:12: warning: pointer targets in passing argument 1 of 'print' differ in signedness [-Wpointer-sign]
      print(character);
            ^~~~~~~~~
In file included from ../src/helloworld.c:48:
c:\xilinx\sdk\2019.1\gnu\microblaze\nt\microblaze-xilinx-elf\include\stdio.h:250:6: note: expected 'const char *' but argument is of type 'uint8_t *' {aka 'unsigned char *'}
 void print (const char* );
      ^~~~~
../src/helloworld.c:130:26: error: 'END_OP' undeclared (first use in this function)
      if (character[0] == END_OP)
                          ^~~~~~
../src/helloworld.c:130:26: note: each undeclared identifier is reported only once for each function it appears in
../src/helloworld.c:119:10: warning: unused variable 'newitem' [-Wunused-variable]
     byte newitem;
          ^~~~~~~
../src/helloworld.c: In function 'GetOperation':
../src/helloworld.c:143:14: error: expected ';' before ')' token
  for (; i< 64 )
              ^~
              ;
../src/helloworld.c:144:1: error: expected expression before '}' token
 }
 ^
make: *** [src/subdir.mk:26: src/helloworld.o] Error 1
20:57:12 **** Auto Build of configuration Debug for project test2 ****
make all 
'Building file: ../src/helloworld.c'
'Invoking: MicroBlaze gcc compiler'
mb-gcc -Wall -O0 -g3 -c -fmessage-length=0 -MT"src/helloworld.o" -I../../test2_bsp/microblaze_0/include -mlittle-endian -mcpu=v11.0 -mxl-soft-mul -Wl,--no-relax -ffunction-sections -fdata-sections -MMD -MP -MF"src/helloworld.d" -MT"src/helloworld.o" -o "src/helloworld.o" "../src/helloworld.c"
../src/helloworld.c:109:6: error: expected '=', ',', ';', 'asm' or '__attribute__' before 'operation_stream'
 byte operation_stream[64];
      ^~~~~~~~~~~~~~~~
../src/helloworld.c: In function 'main':
../src/helloworld.c:128:12: warning: pointer targets in passing argument 1 of 'print' differ in signedness [-Wpointer-sign]
      print(character);
            ^~~~~~~~~
In file included from ../src/helloworld.c:48:
c:\xilinx\sdk\2019.1\gnu\microblaze\nt\microblaze-xilinx-elf\include\stdio.h:250:6: note: expected 'const char *' but argument is of type 'uint8_t *' {aka 'unsigned char *'}
 void print (const char* );
      ^~~~~
../src/helloworld.c:131:26: error: 'END_OP' undeclared (first use in this function)
      if (character[0] == END_OP)
                          ^~~~~~
../src/helloworld.c:131:26: note: each undeclared identifier is reported only once for each function it appears in
../src/helloworld.c:120:10: warning: unused variable 'newitem' [-Wunused-variable]
     byte newitem;
          ^~~~~~~
../src/helloworld.c: In function 'GetOperation':
../src/helloworld.c:144:14: error: expected ';' before ')' token
  for (; i< 64 )
              ^~
              ;
../src/helloworld.c:145:1: error: expected expression before '}' token
 }
 ^
make: *** [src/subdir.mk:26: src/helloworld.o] Error 1
20:57:23 **** Auto Build of configuration Debug for project test2 ****
make all 
'Building file: ../src/helloworld.c'
'Invoking: MicroBlaze gcc compiler'
mb-gcc -Wall -O0 -g3 -c -fmessage-length=0 -MT"src/helloworld.o" -I../../test2_bsp/microblaze_0/include -mlittle-endian -mcpu=v11.0 -mxl-soft-mul -Wl,--no-relax -ffunction-sections -fdata-sections -MMD -MP -MF"src/helloworld.d" -MT"src/helloworld.o" -o "src/helloworld.o" "../src/helloworld.c"
../src/helloworld.c:109:6: error: expected '=', ',', ';', 'asm' or '__attribute__' before 'operation_stream'
 byte operation_stream[64];
      ^~~~~~~~~~~~~~~~
../src/helloworld.c: In function 'main':
../src/helloworld.c:128:12: warning: pointer targets in passing argument 1 of 'print' differ in signedness [-Wpointer-sign]
      print(character);
            ^~~~~~~~~
In file included from ../src/helloworld.c:48:
c:\xilinx\sdk\2019.1\gnu\microblaze\nt\microblaze-xilinx-elf\include\stdio.h:250:6: note: expected 'const char *' but argument is of type 'uint8_t *' {aka 'unsigned char *'}
 void print (const char* );
      ^~~~~
../src/helloworld.c:131:26: error: 'END_OP' undeclared (first use in this function)
      if (character[0] == END_OP)
                          ^~~~~~
../src/helloworld.c:131:26: note: each undeclared identifier is reported only once for each function it appears in
../src/helloworld.c:120:10: warning: unused variable 'newitem' [-Wunused-variable]
     byte newitem;
          ^~~~~~~
../src/helloworld.c: In function 'GetOperation':
../src/helloworld.c:144:14: error: expected ';' before ')' token
  for (; i< 64 )
              ^~
              ;
../src/helloworld.c:145:1: error: expected expression before '}' token
 }
 ^
make: *** [src/subdir.mk:26: src/helloworld.o] Error 1
20:57:29 **** Auto Build of configuration Debug for project test2 ****
make all 
'Building file: ../src/helloworld.c'
'Invoking: MicroBlaze gcc compiler'
mb-gcc -Wall -O0 -g3 -c -fmessage-length=0 -MT"src/helloworld.o" -I../../test2_bsp/microblaze_0/include -mlittle-endian -mcpu=v11.0 -mxl-soft-mul -Wl,--no-relax -ffunction-sections -fdata-sections -MMD -MP -MF"src/helloworld.d" -MT"src/helloworld.o" -o "src/helloworld.o" "../src/helloworld.c"
../src/helloworld.c:109:6: error: expected '=', ',', ';', 'asm' or '__attribute__' before 'operation_stream'
 byte operation_stream[64];
      ^~~~~~~~~~~~~~~~
../src/helloworld.c: In function 'main':
../src/helloworld.c:128:12: warning: pointer targets in passing argument 1 of 'print' differ in signedness [-Wpointer-sign]
      print(character);
            ^~~~~~~~~
In file included from ../src/helloworld.c:48:
c:\xilinx\sdk\2019.1\gnu\microblaze\nt\microblaze-xilinx-elf\include\stdio.h:250:6: note: expected 'const char *' but argument is of type 'uint8_t *' {aka 'unsigned char *'}
 void print (const char* );
      ^~~~~
../src/helloworld.c:131:26: error: 'END_OP' undeclared (first use in this function)
      if (character[0] == END_OP)
                          ^~~~~~
../src/helloworld.c:131:26: note: each undeclared identifier is reported only once for each function it appears in
../src/helloworld.c:120:10: warning: unused variable 'newitem' [-Wunused-variable]
     byte newitem;
          ^~~~~~~
../src/helloworld.c: In function 'GetOperation':
../src/helloworld.c:144:14: error: expected ';' before ')' token
  for (; i< 64 )
              ^~
              ;
../src/helloworld.c:145:1: error: expected expression before '}' token
 }
 ^
make: *** [src/subdir.mk:26: src/helloworld.o] Error 1
20:57:44 **** Auto Build of configuration Debug for project test2 ****
make all 
'Building file: ../src/helloworld.c'
'Invoking: MicroBlaze gcc compiler'
mb-gcc -Wall -O0 -g3 -c -fmessage-length=0 -MT"src/helloworld.o" -I../../test2_bsp/microblaze_0/include -mlittle-endian -mcpu=v11.0 -mxl-soft-mul -Wl,--no-relax -ffunction-sections -fdata-sections -MMD -MP -MF"src/helloworld.d" -MT"src/helloworld.o" -o "src/helloworld.o" "../src/helloworld.c"
../src/helloworld.c:109:6: error: expected '=', ',', ';', 'asm' or '__attribute__' before 'operation_stream'
 byte operation_stream[64];
      ^~~~~~~~~~~~~~~~
../src/helloworld.c: In function 'main':
../src/helloworld.c:128:12: warning: pointer targets in passing argument 1 of 'print' differ in signedness [-Wpointer-sign]
      print(character);
            ^~~~~~~~~
In file included from ../src/helloworld.c:48:
c:\xilinx\sdk\2019.1\gnu\microblaze\nt\microblaze-xilinx-elf\include\stdio.h:250:6: note: expected 'const char *' but argument is of type 'uint8_t *' {aka 'unsigned char *'}
 void print (const char* );
      ^~~~~
../src/helloworld.c:131:26: error: 'END_OP' undeclared (first use in this function)
      if (character[0] == END_OP)
                          ^~~~~~
../src/helloworld.c:131:26: note: each undeclared identifier is reported only once for each function it appears in
../src/helloworld.c:120:10: warning: unused variable 'newitem' [-Wunused-variable]
     byte newitem;
          ^~~~~~~
../src/helloworld.c: In function 'GetOperation':
../src/helloworld.c:144:14: error: expected ';' before ')' token
  for (; i< 64 )
              ^~
              ;
../src/helloworld.c:145:1: error: expected expression before '}' token
 }
 ^
make: *** [src/subdir.mk:26: src/helloworld.o] Error 1
20:58:15 **** Auto Build of configuration Debug for project test2 ****
make all 
'Building file: ../src/helloworld.c'
'Invoking: MicroBlaze gcc compiler'
mb-gcc -Wall -O0 -g3 -c -fmessage-length=0 -MT"src/helloworld.o" -I../../test2_bsp/microblaze_0/include -mlittle-endian -mcpu=v11.0 -mxl-soft-mul -Wl,--no-relax -ffunction-sections -fdata-sections -MMD -MP -MF"src/helloworld.d" -MT"src/helloworld.o" -o "src/helloworld.o" "../src/helloworld.c"
../src/helloworld.c:109:12: error: redefinition of 'OP_SIZE'
 const byte OP_SIZE = 64;
            ^~~~~~~
../src/helloworld.c:108:12: note: previous definition of 'OP_SIZE' was here
 const byte OP_SIZE = 64;
            ^~~~~~~
../src/helloworld.c: In function 'main':
../src/helloworld.c:130:12: warning: pointer targets in passing argument 1 of 'print' differ in signedness [-Wpointer-sign]
      print(character);
            ^~~~~~~~~
In file included from ../src/helloworld.c:48:
c:\xilinx\sdk\2019.1\gnu\microblaze\nt\microblaze-xilinx-elf\include\stdio.h:250:6: note: expected 'const char *' but argument is of type 'uint8_t *' {aka 'unsigned char *'}
 void print (const char* );
      ^~~~~
../src/helloworld.c:133:26: error: 'END_OP' undeclared (first use in this function)
      if (character[0] == END_OP)
                          ^~~~~~
../src/helloworld.c:133:26: note: each undeclared identifier is reported only once for each function it appears in
../src/helloworld.c:122:10: warning: unused variable 'newitem' [-Wunused-variable]
     byte newitem;
          ^~~~~~~
../src/helloworld.c: In function 'GetOperation':
../src/helloworld.c:146:14: error: expected ';' before ')' token
  for (; i< 64 )
              ^~
              ;
../src/helloworld.c:147:1: error: expected expression before '}' token
 }
 ^
make: *** [src/subdir.mk:26: src/helloworld.o] Error 1
20:58:21 **** Auto Build of configuration Debug for project test2 ****
make all 
'Building file: ../src/helloworld.c'
'Invoking: MicroBlaze gcc compiler'
mb-gcc -Wall -O0 -g3 -c -fmessage-length=0 -MT"src/helloworld.o" -I../../test2_bsp/microblaze_0/include -mlittle-endian -mcpu=v11.0 -mxl-soft-mul -Wl,--no-relax -ffunction-sections -fdata-sections -MMD -MP -MF"src/helloworld.d" -MT"src/helloworld.o" -o "src/helloworld.o" "../src/helloworld.c"
../src/helloworld.c: In function 'main':
../src/helloworld.c:130:12: warning: pointer targets in passing argument 1 of 'print' differ in signedness [-Wpointer-sign]
      print(character);
            ^~~~~~~~~
In file included from ../src/helloworld.c:48:
c:\xilinx\sdk\2019.1\gnu\microblaze\nt\microblaze-xilinx-elf\include\stdio.h:250:6: note: expected 'const char *' but argument is of type 'uint8_t *' {aka 'unsigned char *'}
 void print (const char* );
      ^~~~~
../src/helloworld.c:133:26: error: 'END_OP' undeclared (first use in this function)
      if (character[0] == END_OP)
                          ^~~~~~
../src/helloworld.c:133:26: note: each undeclared identifier is reported only once for each function it appears in
../src/helloworld.c:122:10: warning: unused variable 'newitem' [-Wunused-variable]
     byte newitem;
          ^~~~~~~
../src/helloworld.c: In function 'GetOperation':
../src/helloworld.c:146:14: error: expected ';' before ')' token
  for (; i< 64 )
              ^~
              ;
../src/helloworld.c:147:1: error: expected expression before '}' token
 }
 ^
make: *** [src/subdir.mk:26: src/helloworld.o] Error 1
20:58:24 **** Auto Build of configuration Debug for project test2 ****
make all 
'Building file: ../src/helloworld.c'
'Invoking: MicroBlaze gcc compiler'
mb-gcc -Wall -O0 -g3 -c -fmessage-length=0 -MT"src/helloworld.o" -I../../test2_bsp/microblaze_0/include -mlittle-endian -mcpu=v11.0 -mxl-soft-mul -Wl,--no-relax -ffunction-sections -fdata-sections -MMD -MP -MF"src/helloworld.d" -MT"src/helloworld.o" -o "src/helloworld.o" "../src/helloworld.c"
../src/helloworld.c: In function 'main':
../src/helloworld.c:130:12: warning: pointer targets in passing argument 1 of 'print' differ in signedness [-Wpointer-sign]
      print(character);
            ^~~~~~~~~
In file included from ../src/helloworld.c:48:
c:\xilinx\sdk\2019.1\gnu\microblaze\nt\microblaze-xilinx-elf\include\stdio.h:250:6: note: expected 'const char *' but argument is of type 'uint8_t *' {aka 'unsigned char *'}
 void print (const char* );
      ^~~~~
../src/helloworld.c:133:26: error: 'END_OP' undeclared (first use in this function)
      if (character[0] == END_OP)
                          ^~~~~~
../src/helloworld.c:133:26: note: each undeclared identifier is reported only once for each function it appears in
../src/helloworld.c:122:10: warning: unused variable 'newitem' [-Wunused-variable]
     byte newitem;
          ^~~~~~~
../src/helloworld.c: In function 'GetOperation':
../src/helloworld.c:146:14: error: expected ';' before ')' token
  for (; i< 64 )
              ^~
              ;
../src/helloworld.c:147:1: error: expected expression before '}' token
 }
 ^
make: *** [src/subdir.mk:26: src/helloworld.o] Error 1
20:58:45 **** Auto Build of configuration Debug for project test2 ****
make all 
'Building file: ../src/helloworld.c'
'Invoking: MicroBlaze gcc compiler'
mb-gcc -Wall -O0 -g3 -c -fmessage-length=0 -MT"src/helloworld.o" -I../../test2_bsp/microblaze_0/include -mlittle-endian -mcpu=v11.0 -mxl-soft-mul -Wl,--no-relax -ffunction-sections -fdata-sections -MMD -MP -MF"src/helloworld.d" -MT"src/helloworld.o" -o "src/helloworld.o" "../src/helloworld.c"
../src/helloworld.c: In function 'main':
../src/helloworld.c:130:12: warning: pointer targets in passing argument 1 of 'print' differ in signedness [-Wpointer-sign]
      print(character);
            ^~~~~~~~~
In file included from ../src/helloworld.c:48:
c:\xilinx\sdk\2019.1\gnu\microblaze\nt\microblaze-xilinx-elf\include\stdio.h:250:6: note: expected 'const char *' but argument is of type 'uint8_t *' {aka 'unsigned char *'}
 void print (const char* );
      ^~~~~
../src/helloworld.c:133:26: error: 'END_OP' undeclared (first use in this function)
      if (character[0] == END_OP)
                          ^~~~~~
../src/helloworld.c:133:26: note: each undeclared identifier is reported only once for each function it appears in
../src/helloworld.c:122:10: warning: unused variable 'newitem' [-Wunused-variable]
     byte newitem;
          ^~~~~~~
../src/helloworld.c: In function 'GetOperation':
../src/helloworld.c:146:19: error: expected ';' before ')' token
  for (; i< OP_SIZE )
                   ^~
                   ;
../src/helloworld.c:147:1: error: expected expression before '}' token
 }
 ^
make: *** [src/subdir.mk:26: src/helloworld.o] Error 1
20:58:57 **** Auto Build of configuration Debug for project test2 ****
make all 
'Building file: ../src/helloworld.c'
'Invoking: MicroBlaze gcc compiler'
mb-gcc -Wall -O0 -g3 -c -fmessage-length=0 -MT"src/helloworld.o" -I../../test2_bsp/microblaze_0/include -mlittle-endian -mcpu=v11.0 -mxl-soft-mul -Wl,--no-relax -ffunction-sections -fdata-sections -MMD -MP -MF"src/helloworld.d" -MT"src/helloworld.o" -o "src/helloworld.o" "../src/helloworld.c"
../src/helloworld.c: In function 'main':
../src/helloworld.c:130:12: warning: pointer targets in passing argument 1 of 'print' differ in signedness [-Wpointer-sign]
      print(character);
            ^~~~~~~~~
In file included from ../src/helloworld.c:48:
c:\xilinx\sdk\2019.1\gnu\microblaze\nt\microblaze-xilinx-elf\include\stdio.h:250:6: note: expected 'const char *' but argument is of type 'uint8_t *' {aka 'unsigned char *'}
 void print (const char* );
      ^~~~~
../src/helloworld.c:133:26: error: 'END_OP' undeclared (first use in this function)
      if (character[0] == END_OP)
                          ^~~~~~
../src/helloworld.c:133:26: note: each undeclared identifier is reported only once for each function it appears in
../src/helloworld.c:122:10: warning: unused variable 'newitem' [-Wunused-variable]
     byte newitem;
          ^~~~~~~
make: *** [src/subdir.mk:26: src/helloworld.o] Error 1
20:59:00 **** Auto Build of configuration Debug for project test2 ****
make all 
'Building file: ../src/helloworld.c'
'Invoking: MicroBlaze gcc compiler'
mb-gcc -Wall -O0 -g3 -c -fmessage-length=0 -MT"src/helloworld.o" -I../../test2_bsp/microblaze_0/include -mlittle-endian -mcpu=v11.0 -mxl-soft-mul -Wl,--no-relax -ffunction-sections -fdata-sections -MMD -MP -MF"src/helloworld.d" -MT"src/helloworld.o" -o "src/helloworld.o" "../src/helloworld.c"
../src/helloworld.c: In function 'main':
../src/helloworld.c:130:12: warning: pointer targets in passing argument 1 of 'print' differ in signedness [-Wpointer-sign]
      print(character);
            ^~~~~~~~~
In file included from ../src/helloworld.c:48:
c:\xilinx\sdk\2019.1\gnu\microblaze\nt\microblaze-xilinx-elf\include\stdio.h:250:6: note: expected 'const char *' but argument is of type 'uint8_t *' {aka 'unsigned char *'}
 void print (const char* );
      ^~~~~
../src/helloworld.c:133:26: error: 'END_OP' undeclared (first use in this function)
      if (character[0] == END_OP)
                          ^~~~~~
../src/helloworld.c:133:26: note: each undeclared identifier is reported only once for each function it appears in
../src/helloworld.c:122:10: warning: unused variable 'newitem' [-Wunused-variable]
     byte newitem;
          ^~~~~~~
make: *** [src/subdir.mk:26: src/helloworld.o] Error 1
20:59:20 **** Auto Build of configuration Debug for project test2 ****
make all 
'Building file: ../src/helloworld.c'
'Invoking: MicroBlaze gcc compiler'
mb-gcc -Wall -O0 -g3 -c -fmessage-length=0 -MT"src/helloworld.o" -I../../test2_bsp/microblaze_0/include -mlittle-endian -mcpu=v11.0 -mxl-soft-mul -Wl,--no-relax -ffunction-sections -fdata-sections -MMD -MP -MF"src/helloworld.d" -MT"src/helloworld.o" -o "src/helloworld.o" "../src/helloworld.c"
../src/helloworld.c: In function 'main':
../src/helloworld.c:130:12: warning: pointer targets in passing argument 1 of 'print' differ in signedness [-Wpointer-sign]
      print(character);
            ^~~~~~~~~
In file included from ../src/helloworld.c:48:
c:\xilinx\sdk\2019.1\gnu\microblaze\nt\microblaze-xilinx-elf\include\stdio.h:250:6: note: expected 'const char *' but argument is of type 'uint8_t *' {aka 'unsigned char *'}
 void print (const char* );
      ^~~~~
../src/helloworld.c:133:26: error: 'END_OP' undeclared (first use in this function)
      if (character[0] == END_OP)
                          ^~~~~~
../src/helloworld.c:133:26: note: each undeclared identifier is reported only once for each function it appears in
../src/helloworld.c:122:10: warning: unused variable 'newitem' [-Wunused-variable]
     byte newitem;
          ^~~~~~~
../src/helloworld.c: In function 'GetOperation':
../src/helloworld.c:146:7: warning: unused variable 'is_enc' [-Wunused-variable]
  bool is_enc = false;
       ^~~~~~
make: *** [src/subdir.mk:26: src/helloworld.o] Error 1
20:59:33 **** Auto Build of configuration Debug for project test2 ****
make all 
'Building file: ../src/helloworld.c'
'Invoking: MicroBlaze gcc compiler'
mb-gcc -Wall -O0 -g3 -c -fmessage-length=0 -MT"src/helloworld.o" -I../../test2_bsp/microblaze_0/include -mlittle-endian -mcpu=v11.0 -mxl-soft-mul -Wl,--no-relax -ffunction-sections -fdata-sections -MMD -MP -MF"src/helloworld.d" -MT"src/helloworld.o" -o "src/helloworld.o" "../src/helloworld.c"
../src/helloworld.c: In function 'main':
../src/helloworld.c:130:12: warning: pointer targets in passing argument 1 of 'print' differ in signedness [-Wpointer-sign]
      print(character);
            ^~~~~~~~~
In file included from ../src/helloworld.c:48:
c:\xilinx\sdk\2019.1\gnu\microblaze\nt\microblaze-xilinx-elf\include\stdio.h:250:6: note: expected 'const char *' but argument is of type 'uint8_t *' {aka 'unsigned char *'}
 void print (const char* );
      ^~~~~
../src/helloworld.c:133:26: error: 'END_OP' undeclared (first use in this function)
      if (character[0] == END_OP)
                          ^~~~~~
../src/helloworld.c:133:26: note: each undeclared identifier is reported only once for each function it appears in
../src/helloworld.c:122:10: warning: unused variable 'newitem' [-Wunused-variable]
     byte newitem;
          ^~~~~~~
../src/helloworld.c: In function 'GetOperation':
../src/helloworld.c:147:7: warning: unused variable 'is_dec' [-Wunused-variable]
  bool is_dec = false;
       ^~~~~~
../src/helloworld.c:146:7: warning: unused variable 'is_enc' [-Wunused-variable]
  bool is_enc = false;
       ^~~~~~
make: *** [src/subdir.mk:26: src/helloworld.o] Error 1
21:00:18 **** Auto Build of configuration Debug for project test2 ****
make all 
'Building file: ../src/helloworld.c'
'Invoking: MicroBlaze gcc compiler'
mb-gcc -Wall -O0 -g3 -c -fmessage-length=0 -MT"src/helloworld.o" -I../../test2_bsp/microblaze_0/include -mlittle-endian -mcpu=v11.0 -mxl-soft-mul -Wl,--no-relax -ffunction-sections -fdata-sections -MMD -MP -MF"src/helloworld.d" -MT"src/helloworld.o" -o "src/helloworld.o" "../src/helloworld.c"
../src/helloworld.c: In function 'main':
../src/helloworld.c:130:12: warning: pointer targets in passing argument 1 of 'print' differ in signedness [-Wpointer-sign]
      print(character);
            ^~~~~~~~~
In file included from ../src/helloworld.c:48:
c:\xilinx\sdk\2019.1\gnu\microblaze\nt\microblaze-xilinx-elf\include\stdio.h:250:6: note: expected 'const char *' but argument is of type 'uint8_t *' {aka 'unsigned char *'}
 void print (const char* );
      ^~~~~
../src/helloworld.c:133:26: error: 'END_OP' undeclared (first use in this function)
      if (character[0] == END_OP)
                          ^~~~~~
../src/helloworld.c:133:26: note: each undeclared identifier is reported only once for each function it appears in
../src/helloworld.c:122:10: warning: unused variable 'newitem' [-Wunused-variable]
     byte newitem;
          ^~~~~~~
../src/helloworld.c: In function 'GetOperation':
../src/helloworld.c:148:7: warning: unused variable 'is_dec' [-Wunused-variable]
  bool is_dec = false;
       ^~~~~~
../src/helloworld.c:147:7: warning: unused variable 'is_enc' [-Wunused-variable]
  bool is_enc = false;
       ^~~~~~
../src/helloworld.c:146:7: warning: unused variable 'incoming_byte' [-Wunused-variable]
  byte incoming_byte;
       ^~~~~~~~~~~~~
make: *** [src/subdir.mk:26: src/helloworld.o] Error 1
21:00:33 **** Auto Build of configuration Debug for project test2 ****
make all 
'Building file: ../src/helloworld.c'
'Invoking: MicroBlaze gcc compiler'
mb-gcc -Wall -O0 -g3 -c -fmessage-length=0 -MT"src/helloworld.o" -I../../test2_bsp/microblaze_0/include -mlittle-endian -mcpu=v11.0 -mxl-soft-mul -Wl,--no-relax -ffunction-sections -fdata-sections -MMD -MP -MF"src/helloworld.d" -MT"src/helloworld.o" -o "src/helloworld.o" "../src/helloworld.c"
../src/helloworld.c: In function 'main':
../src/helloworld.c:130:12: warning: pointer targets in passing argument 1 of 'print' differ in signedness [-Wpointer-sign]
      print(character);
            ^~~~~~~~~
In file included from ../src/helloworld.c:48:
c:\xilinx\sdk\2019.1\gnu\microblaze\nt\microblaze-xilinx-elf\include\stdio.h:250:6: note: expected 'const char *' but argument is of type 'uint8_t *' {aka 'unsigned char *'}
 void print (const char* );
      ^~~~~
../src/helloworld.c:133:26: error: 'END_OP' undeclared (first use in this function)
      if (character[0] == END_OP)
                          ^~~~~~
[...]
'Finished building: test2.elf.size'
' '
22:28:50 **** Auto Build of configuration Debug for project test2 ****
make all 
'Building file: ../src/helloworld.c'
'Invoking: MicroBlaze gcc compiler'
mb-gcc -Wall -O0 -g3 -c -fmessage-length=0 -MT"src/helloworld.o" -I../../test2_bsp/microblaze_0/include -mlittle-endian -mcpu=v11.0 -mxl-soft-mul -Wl,--no-relax -ffunction-sections -fdata-sections -MMD -MP -MF"src/helloworld.d" -MT"src/helloworld.o" -o "src/helloworld.o" "../src/helloworld.c"
../src/helloworld.c: In function 'main':
../src/helloworld.c:110:24: error: assignment to expression with array type
      current_operation = GetOperation();
                        ^
../src/helloworld.c:106:10: warning: variable 'current_operation' set but not used [-Wunused-but-set-variable]
     char current_operation[1];
          ^~~~~~~~~~~~~~~~~
../src/helloworld.c: In function 'GetOperation':
../src/helloworld.c:133:21: warning: comparison between pointer and integer
   if (incoming_byte == ENCRYPTION_START_OP_PART){
                     ^~
../src/helloworld.c:137:26: warning: comparison between pointer and integer
   else if (incoming_byte == DECRYPTION_START_OP_PART){
                          ^~
make: *** [src/subdir.mk:29: src/helloworld.o] Error 1
22:28:55 **** Auto Build of configuration Debug for project test2 ****
make all 
'Building file: ../src/helloworld.c'
'Invoking: MicroBlaze gcc compiler'
mb-gcc -Wall -O0 -g3 -c -fmessage-length=0 -MT"src/helloworld.o" -I../../test2_bsp/microblaze_0/include -mlittle-endian -mcpu=v11.0 -mxl-soft-mul -Wl,--no-relax -ffunction-sections -fdata-sections -MMD -MP -MF"src/helloworld.d" -MT"src/helloworld.o" -o "src/helloworld.o" "../src/helloworld.c"
../src/helloworld.c: In function 'main':
../src/helloworld.c:106:10: warning: variable 'current_operation' set but not used [-Wunused-but-set-variable]
     char current_operation[1];
          ^~~~~~~~~~~~~~~~~
../src/helloworld.c: In function 'GetOperation':
../src/helloworld.c:133:21: warning: comparison between pointer and integer
   if (incoming_byte == ENCRYPTION_START_OP_PART){
                     ^~
../src/helloworld.c:137:26: warning: comparison between pointer and integer
   else if (incoming_byte == DECRYPTION_START_OP_PART){
                          ^~
'Finished building: ../src/helloworld.c'
' '
'Building target: test2.elf'
'Invoking: MicroBlaze gcc linker'
mb-gcc -Wl,-T -Wl,../src/lscript.ld -L../../test2_bsp/microblaze_0/lib -mlittle-endian -mcpu=v11.0 -mxl-soft-mul -Wl,--no-relax -Wl,--gc-sections -o "test2.elf"  ./src/allleters.o ./src/helloworld.o ./src/platform.o   -Wl,--start-group,-lxil,-lgcc,-lc,--end-group
'Finished building target: test2.elf'
' '
'Invoking: MicroBlaze Print Size'
mb-size test2.elf  |tee "test2.elf.size"
   text	   data	    bss	    dec	    hex	filename
   3912	    320	   3104	   7336	   1ca8	test2.elf
'Finished building: test2.elf.size'
' '
22:29:04 **** Auto Build of configuration Debug for project test2 ****
make all 
'Building file: ../src/helloworld.c'
'Invoking: MicroBlaze gcc compiler'
mb-gcc -Wall -O0 -g3 -c -fmessage-length=0 -MT"src/helloworld.o" -I../../test2_bsp/microblaze_0/include -mlittle-endian -mcpu=v11.0 -mxl-soft-mul -Wl,--no-relax -ffunction-sections -fdata-sections -MMD -MP -MF"src/helloworld.d" -MT"src/helloworld.o" -o "src/helloworld.o" "../src/helloworld.c"
../src/helloworld.c: In function 'main':
../src/helloworld.c:106:33: error: invalid initializer
     char current_operation[1] = ' ';
                                 ^~~
../src/helloworld.c:106:10: warning: variable 'current_operation' set but not used [-Wunused-but-set-variable]
     char current_operation[1] = ' ';
          ^~~~~~~~~~~~~~~~~
../src/helloworld.c: In function 'GetOperation':
../src/helloworld.c:133:21: warning: comparison between pointer and integer
   if (incoming_byte == ENCRYPTION_START_OP_PART){
                     ^~
../src/helloworld.c:137:26: warning: comparison between pointer and integer
   else if (incoming_byte == DECRYPTION_START_OP_PART){
                          ^~
make: *** [src/subdir.mk:29: src/helloworld.o] Error 1
22:29:08 **** Auto Build of configuration Debug for project test2 ****
make all 
'Building file: ../src/helloworld.c'
'Invoking: MicroBlaze gcc compiler'
mb-gcc -Wall -O0 -g3 -c -fmessage-length=0 -MT"src/helloworld.o" -I../../test2_bsp/microblaze_0/include -mlittle-endian -mcpu=v11.0 -mxl-soft-mul -Wl,--no-relax -ffunction-sections -fdata-sections -MMD -MP -MF"src/helloworld.d" -MT"src/helloworld.o" -o "src/helloworld.o" "../src/helloworld.c"
../src/helloworld.c: In function 'main':
../src/helloworld.c:106:10: warning: variable 'current_operation' set but not used [-Wunused-but-set-variable]
     char current_operation[1] = {' '};
          ^~~~~~~~~~~~~~~~~
../src/helloworld.c: In function 'GetOperation':
../src/helloworld.c:133:21: warning: comparison between pointer and integer
   if (incoming_byte == ENCRYPTION_START_OP_PART){
                     ^~
../src/helloworld.c:137:26: warning: comparison between pointer and integer
   else if (incoming_byte == DECRYPTION_START_OP_PART){
                          ^~
'Finished building: ../src/helloworld.c'
' '
'Building target: test2.elf'
'Invoking: MicroBlaze gcc linker'
mb-gcc -Wl,-T -Wl,../src/lscript.ld -L../../test2_bsp/microblaze_0/lib -mlittle-endian -mcpu=v11.0 -mxl-soft-mul -Wl,--no-relax -Wl,--gc-sections -o "test2.elf"  ./src/allleters.o ./src/helloworld.o ./src/platform.o   -Wl,--start-group,-lxil,-lgcc,-lc,--end-group
'Finished building target: test2.elf'
' '
'Invoking: MicroBlaze Print Size'
mb-size test2.elf  |tee "test2.elf.size"
   text	   data	    bss	    dec	    hex	filename
   3920	    320	   3104	   7344	   1cb0	test2.elf
'Finished building: test2.elf.size'
' '
22:29:25 **** Incremental Build of configuration Debug for project test2 ****
make all 
make: Nothing to be done for 'all'.
22:31:07 **** Auto Build of configuration Debug for project test2 ****
make all 
'Building file: ../src/helloworld.c'
'Invoking: MicroBlaze gcc compiler'
mb-gcc -Wall -O0 -g3 -c -fmessage-length=0 -MT"src/helloworld.o" -I../../test2_bsp/microblaze_0/include -mlittle-endian -mcpu=v11.0 -mxl-soft-mul -Wl,--no-relax -ffunction-sections -fdata-sections -MMD -MP -MF"src/helloworld.d" -MT"src/helloworld.o" -o "src/helloworld.o" "../src/helloworld.c"
../src/helloworld.c: In function 'main':
../src/helloworld.c:106:10: warning: variable 'current_operation' set but not used [-Wunused-but-set-variable]
     char current_operation[1] = {' '};
          ^~~~~~~~~~~~~~~~~
../src/helloworld.c: In function 'GetOperation':
../src/helloworld.c:133:21: warning: comparison between pointer and integer
   if (incoming_byte == ENCRYPTION_START_OP_PART){
                     ^~
../src/helloworld.c:137:26: warning: comparison between pointer and integer
   else if (incoming_byte == DECRYPTION_START_OP_PART){
                          ^~
../src/helloworld.c:125:7: warning: unused variable 'testt' [-Wunused-variable]
  char testt[1] = {' '};
       ^~~~~
'Finished building: ../src/helloworld.c'
' '
'Building target: test2.elf'
'Invoking: MicroBlaze gcc linker'
mb-gcc -Wl,-T -Wl,../src/lscript.ld -L../../test2_bsp/microblaze_0/lib -mlittle-endian -mcpu=v11.0 -mxl-soft-mul -Wl,--no-relax -Wl,--gc-sections -o "test2.elf"  ./src/allleters.o ./src/helloworld.o ./src/platform.o   -Wl,--start-group,-lxil,-lgcc,-lc,--end-group
'Finished building target: test2.elf'
' '
'Invoking: MicroBlaze Print Size'
mb-size test2.elf  |tee "test2.elf.size"
   text	   data	    bss	    dec	    hex	filename
   3928	    320	   3104	   7352	   1cb8	test2.elf
'Finished building: test2.elf.size'
' '
22:31:09 **** Auto Build of configuration Debug for project test2 ****
make all 
make: Nothing to be done for 'all'.
22:31:25 **** Auto Build of configuration Debug for project test2 ****
make all 
'Building file: ../src/helloworld.c'
'Invoking: MicroBlaze gcc compiler'
mb-gcc -Wall -O0 -g3 -c -fmessage-length=0 -MT"src/helloworld.o" -I../../test2_bsp/microblaze_0/include -mlittle-endian -mcpu=v11.0 -mxl-soft-mul -Wl,--no-relax -ffunction-sections -fdata-sections -MMD -MP -MF"src/helloworld.d" -MT"src/helloworld.o" -o "src/helloworld.o" "../src/helloworld.c"
../src/helloworld.c: In function 'main':
../src/helloworld.c:106:10: warning: variable 'current_operation' set but not used [-Wunused-but-set-variable]
     char current_operation[1] = {' '};
          ^~~~~~~~~~~~~~~~~
../src/helloworld.c: In function 'GetOperation':
../src/helloworld.c:135:21: warning: comparison between pointer and integer
   if (incoming_byte == ENCRYPTION_START_OP_PART){
                     ^~
../src/helloworld.c:139:26: warning: comparison between pointer and integer
   else if (incoming_byte == DECRYPTION_START_OP_PART){
                          ^~
../src/helloworld.c:125:7: warning: variable 'testt' set but not used [-Wunused-but-set-variable]
  char testt[1] = {' '};
       ^~~~~
'Finished building: ../src/helloworld.c'
' '
'Building target: test2.elf'
'Invoking: MicroBlaze gcc linker'
mb-gcc -Wl,-T -Wl,../src/lscript.ld -L../../test2_bsp/microblaze_0/lib -mlittle-endian -mcpu=v11.0 -mxl-soft-mul -Wl,--no-relax -Wl,--gc-sections -o "test2.elf"  ./src/allleters.o ./src/helloworld.o ./src/platform.o   -Wl,--start-group,-lxil,-lgcc,-lc,--end-group
'Finished building target: test2.elf'
' '
'Invoking: MicroBlaze Print Size'
mb-size test2.elf  |tee "test2.elf.size"
   text	   data	    bss	    dec	    hex	filename
   3940	    320	   3108	   7368	   1cc8	test2.elf
'Finished building: test2.elf.size'
' '
22:31:27 **** Auto Build of configuration Debug for project test2 ****
make all 
'Building file: ../src/helloworld.c'
'Invoking: MicroBlaze gcc compiler'
mb-gcc -Wall -O0 -g3 -c -fmessage-length=0 -MT"src/helloworld.o" -I../../test2_bsp/microblaze_0/include -mlittle-endian -mcpu=v11.0 -mxl-soft-mul -Wl,--no-relax -ffunction-sections -fdata-sections -MMD -MP -MF"src/helloworld.d" -MT"src/helloworld.o" -o "src/helloworld.o" "../src/helloworld.c"
../src/helloworld.c: In function 'main':
../src/helloworld.c:106:10: warning: variable 'current_operation' set but not used [-Wunused-but-set-variable]
     char current_operation[1] = {' '};
          ^~~~~~~~~~~~~~~~~
../src/helloworld.c: In function 'GetOperation':
../src/helloworld.c:136:21: warning: comparison between pointer and integer
   if (incoming_byte == ENCRYPTION_START_OP_PART){
                     ^~
../src/helloworld.c:140:26: warning: comparison between pointer and integer
   else if (incoming_byte == DECRYPTION_START_OP_PART){
                          ^~
../src/helloworld.c:125:7: warning: variable 'testt' set but not used [-Wunused-but-set-variable]
  char testt[1] = {' '};
       ^~~~~
'Finished building: ../src/helloworld.c'
' '
'Building target: test2.elf'
'Invoking: MicroBlaze gcc linker'
mb-gcc -Wl,-T -Wl,../src/lscript.ld -L../../test2_bsp/microblaze_0/lib -mlittle-endian -mcpu=v11.0 -mxl-soft-mul -Wl,--no-relax -Wl,--gc-sections -o "test2.elf"  ./src/allleters.o ./src/helloworld.o ./src/platform.o   -Wl,--start-group,-lxil,-lgcc,-lc,--end-group
'Finished building target: test2.elf'
' '
'Invoking: MicroBlaze Print Size'
mb-size test2.elf  |tee "test2.elf.size"
   text	   data	    bss	    dec	    hex	filename
   3940	    320	   3108	   7368	   1cc8	test2.elf
'Finished building: test2.elf.size'
' '
22:31:40 **** Auto Build of configuration Debug for project test2 ****
make all 
'Building file: ../src/helloworld.c'
'Invoking: MicroBlaze gcc compiler'
mb-gcc -Wall -O0 -g3 -c -fmessage-length=0 -MT"src/helloworld.o" -I../../test2_bsp/microblaze_0/include -mlittle-endian -mcpu=v11.0 -mxl-soft-mul -Wl,--no-relax -ffunction-sections -fdata-sections -MMD -MP -MF"src/helloworld.d" -MT"src/helloworld.o" -o "src/helloworld.o" "../src/helloworld.c"
../src/helloworld.c: In function 'main':
../src/helloworld.c:106:10: warning: variable 'current_operation' set but not used [-Wunused-but-set-variable]
     char current_operation[1] = {' '};
          ^~~~~~~~~~~~~~~~~
../src/helloworld.c: In function 'GetOperation':
../src/helloworld.c:132:14: warning: passing argument 1 of 'print' makes pointer from integer without a cast [-Wint-conversion]
   print(testt[0]);
         ~~~~~^~~
In file included from ../src/allleters.h:11,
                 from ../src/helloworld.c:48:
c:\xilinx\sdk\2019.1\gnu\microblaze\nt\microblaze-xilinx-elf\include\stdio.h:250:13: note: expected 'const char *' but argument is of type 'char'
 void print (const char* );
             ^~~~~~~~~~~
../src/helloworld.c:136:21: warning: comparison between pointer and integer
   if (incoming_byte == ENCRYPTION_START_OP_PART){
                     ^~
../src/helloworld.c:140:26: warning: comparison between pointer and integer
   else if (incoming_byte == DECRYPTION_START_OP_PART){
                          ^~
'Finished building: ../src/helloworld.c'
' '
'Building target: test2.elf'
'Invoking: MicroBlaze gcc linker'
mb-gcc -Wl,-T -Wl,../src/lscript.ld -L../../test2_bsp/microblaze_0/lib -mlittle-endian -mcpu=v11.0 -mxl-soft-mul -Wl,--no-relax -Wl,--gc-sections -o "test2.elf"  ./src/allleters.o ./src/helloworld.o ./src/platform.o   -Wl,--start-group,-lxil,-lgcc,-lc,--end-group
'Finished building target: test2.elf'
' '
'Invoking: MicroBlaze Print Size'
mb-size test2.elf  |tee "test2.elf.size"
   text	   data	    bss	    dec	    hex	filename
   3944	    320	   3104	   7368	   1cc8	test2.elf
'Finished building: test2.elf.size'
' '
22:31:42 **** Auto Build of configuration Debug for project test2 ****
make all 
'Building file: ../src/helloworld.c'
'Invoking: MicroBlaze gcc compiler'
mb-gcc -Wall -O0 -g3 -c -fmessage-length=0 -MT"src/helloworld.o" -I../../test2_bsp/microblaze_0/include -mlittle-endian -mcpu=v11.0 -mxl-soft-mul -Wl,--no-relax -ffunction-sections -fdata-sections -MMD -MP -MF"src/helloworld.d" -MT"src/helloworld.o" -o "src/helloworld.o" "../src/helloworld.c"
../src/helloworld.c: In function 'main':
../src/helloworld.c:106:10: warning: variable 'current_operation' set but not used [-Wunused-but-set-variable]
     char current_operation[1] = {' '};
          ^~~~~~~~~~~~~~~~~
../src/helloworld.c: In function 'GetOperation':
../src/helloworld.c:132:14: warning: passing argument 1 of 'print' makes pointer from integer without a cast [-Wint-conversion]
   print(testt[0]);
         ~~~~~^~~
In file included from ../src/allleters.h:11,
                 from ../src/helloworld.c:48:
c:\xilinx\sdk\2019.1\gnu\microblaze\nt\microblaze-xilinx-elf\include\stdio.h:250:13: note: expected 'const char *' but argument is of type 'char'
 void print (const char* );
             ^~~~~~~~~~~
../src/helloworld.c:134:14: warning: passing argument 1 of 'print' makes pointer from integer without a cast [-Wint-conversion]
   print(testt[0]);
         ~~~~~^~~
In file included from ../src/allleters.h:11,
                 from ../src/helloworld.c:48:
c:\xilinx\sdk\2019.1\gnu\microblaze\nt\microblaze-xilinx-elf\include\stdio.h:250:13: note: expected 'const char *' but argument is of type 'char'
 void print (const char* );
             ^~~~~~~~~~~
../src/helloworld.c:136:21: warning: comparison between pointer and integer
   if (incoming_byte == ENCRYPTION_START_OP_PART){
                     ^~
../src/helloworld.c:140:26: warning: comparison between pointer and integer
   else if (incoming_byte == DECRYPTION_START_OP_PART){
                          ^~
'Finished building: ../src/helloworld.c'
' '
'Building target: test2.elf'
'Invoking: MicroBlaze gcc linker'
mb-gcc -Wl,-T -Wl,../src/lscript.ld -L../../test2_bsp/microblaze_0/lib -mlittle-endian -mcpu=v11.0 -mxl-soft-mul -Wl,--no-relax -Wl,--gc-sections -o "test2.elf"  ./src/allleters.o ./src/helloworld.o ./src/platform.o   -Wl,--start-group,-lxil,-lgcc,-lc,--end-group
'Finished building target: test2.elf'
' '
'Invoking: MicroBlaze Print Size'
mb-size test2.elf  |tee "test2.elf.size"
   text	   data	    bss	    dec	    hex	filename
   3948	    320	   3108	   7376	   1cd0	test2.elf
'Finished building: test2.elf.size'
' '
22:31:57 **** Auto Build of configuration Debug for project test2 ****
make all 
'Building file: ../src/helloworld.c'
'Invoking: MicroBlaze gcc compiler'
mb-gcc -Wall -O0 -g3 -c -fmessage-length=0 -MT"src/helloworld.o" -I../../test2_bsp/microblaze_0/include -mlittle-endian -mcpu=v11.0 -mxl-soft-mul -Wl,--no-relax -ffunction-sections -fdata-sections -MMD -MP -MF"src/helloworld.d" -MT"src/helloworld.o" -o "src/helloworld.o" "../src/helloworld.c"
../src/helloworld.c: In function 'main':
../src/helloworld.c:106:10: warning: variable 'current_operation' set but not used [-Wunused-but-set-variable]
     char current_operation[1] = {' '};
          ^~~~~~~~~~~~~~~~~
../src/helloworld.c: In function 'GetOperation':
../src/helloworld.c:132:14: warning: passing argument 1 of 'print' makes pointer from integer without a cast [-Wint-conversion]
   print(testt[0]);
         ~~~~~^~~
In file included from ../src/allleters.h:11,
                 from ../src/helloworld.c:48:
c:\xilinx\sdk\2019.1\gnu\microblaze\nt\microblaze-xilinx-elf\include\stdio.h:250:13: note: expected 'const char *' but argument is of type 'char'
 void print (const char* );
             ^~~~~~~~~~~
../src/helloworld.c:134:14: warning: passing argument 1 of 'print' makes pointer from integer without a cast [-Wint-conversion]
   print(testt[0]);
         ~~~~~^~~
In file included from ../src/allleters.h:11,
                 from ../src/helloworld.c:48:
c:\xilinx\sdk\2019.1\gnu\microblaze\nt\microblaze-xilinx-elf\include\stdio.h:250:13: note: expected 'const char *' but argument is of type 'char'
 void print (const char* );
             ^~~~~~~~~~~
'Finished building: ../src/helloworld.c'
' '
'Building target: test2.elf'
'Invoking: MicroBlaze gcc linker'
mb-gcc -Wl,-T -Wl,../src/lscript.ld -L../../test2_bsp/microblaze_0/lib -mlittle-endian -mcpu=v11.0 -mxl-soft-mul -Wl,--no-relax -Wl,--gc-sections -o "test2.elf"  ./src/allleters.o ./src/helloworld.o ./src/platform.o   -Wl,--start-group,-lxil,-lgcc,-lc,--end-group
'Finished building target: test2.elf'
' '
'Invoking: MicroBlaze Print Size'
mb-size test2.elf  |tee "test2.elf.size"
   text	   data	    bss	    dec	    hex	filename
   3948	    320	   3108	   7376	   1cd0	test2.elf
'Finished building: test2.elf.size'
' '
22:32:22 **** Incremental Build of configuration Debug for project test2 ****
make all 
make: Nothing to be done for 'all'.
22:33:01 **** Auto Build of configuration Debug for project test2 ****
make all 
'Building file: ../src/helloworld.c'
'Invoking: MicroBlaze gcc compiler'
mb-gcc -Wall -O0 -g3 -c -fmessage-length=0 -MT"src/helloworld.o" -I../../test2_bsp/microblaze_0/include -mlittle-endian -mcpu=v11.0 -mxl-soft-mul -Wl,--no-relax -ffunction-sections -fdata-sections -MMD -MP -MF"src/helloworld.d" -MT"src/helloworld.o" -o "src/helloworld.o" "../src/helloworld.c"
../src/helloworld.c: In function 'main':
../src/helloworld.c:106:10: warning: variable 'current_operation' set but not used [-Wunused-but-set-variable]
     char current_operation[1] = {' '};
          ^~~~~~~~~~~~~~~~~
'Finished building: ../src/helloworld.c'
' '
'Building target: test2.elf'
'Invoking: MicroBlaze gcc linker'
mb-gcc -Wl,-T -Wl,../src/lscript.ld -L../../test2_bsp/microblaze_0/lib -mlittle-endian -mcpu=v11.0 -mxl-soft-mul -Wl,--no-relax -Wl,--gc-sections -o "test2.elf"  ./src/allleters.o ./src/helloworld.o ./src/platform.o   -Wl,--start-group,-lxil,-lgcc,-lc,--end-group
'Finished building target: test2.elf'
' '
'Invoking: MicroBlaze Print Size'
mb-size test2.elf  |tee "test2.elf.size"
   text	   data	    bss	    dec	    hex	filename
   3940	    320	   3108	   7368	   1cc8	test2.elf
'Finished building: test2.elf.size'
' '
22:33:05 **** Incremental Build of configuration Debug for project test2 ****
make all 
make: Nothing to be done for 'all'.
22:36:38 **** Incremental Build of configuration Debug for project test2 ****
make all 
make: Nothing to be done for 'all'.
