#-----------------------------------------------------------
# Vivado v2019.1 (64-bit)
# SW Build 2552052 on Fri May 24 14:49:42 MDT 2019
# IP Build 2548770 on Fri May 24 18:01:18 MDT 2019
# Start of session at: Tue Jan  5 20:30:36 2021
# Process ID: 13484
# Current directory: C:/Users/faith/Documents/MAES/AESencryption
# Command line: vivado.exe -gui_launcher_event rodinguilauncherevent9544 C:\Users\faith\Documents\MAES\AESencryption\AESencryption.xpr
# Log file: C:/Users/faith/Documents/MAES/AESencryption/vivado.log
# Journal file: C:/Users/faith/Documents/MAES/AESencryption\vivado.jou
#-----------------------------------------------------------
start_guioopen_project C:/Users/faith/Documents/MAES/AESencryption/AESencryption.xpruupdate_compile_order -fileset sources_1close [ open C:/Users/faith/Documents/MAES/AESencryption/AESencryption.srcs/sources_1/new/times_two.v w ]
add_files C:/Users/faith/Documents/MAES/AESencryption/AESencryption.srcs/sources_1/new/times_two.v
update_compile_order -fileset sources_1
close [ open C:/Users/faith/Documents/MAES/AESencryption/AESencryption.srcs/sources_1/new/times_three.v w ]
add_files C:/Users/faith/Documents/MAES/AESencryption/AESencryption.srcs/sources_1/new/times_three.v
update_compile_order -fileset sources_1
update_compile_order -fileset sources_1
update_compile_order -fileset sources_1
launch_simulation
launch_simulation -mode post-synthesis -type functional
launch_simulation
source FlatEncryption_tb.tcl
relaunch_sim
close_sim
